[  0%] Generating includes/lammps/angle.h
[  0%] Generating includes/lammps/command.h
[  0%] Generating includes/lammps/bond.h
[  0%] Generating includes/lammps/atom.h
[  0%] Generating includes/lammps/citeme.h
[  0%] Generating includes/lammps/fix.h
[  0%] Generating includes/lammps/compute.h
-- Git Directory: /home/azan/src/lammps/.git
[  0%] Generating includes/lammps/nlohmann/json.hpp
[  1%] Generating includes/lammps/comm.h
[  1%] Generating includes/lammps/domain.h
[  1%] Generating includes/lammps/dihedral.h
[  1%] Generating includes/lammps/exceptions.h
[  1%] Generating includes/lammps/force.h
[  2%] Generating includes/lammps/group.h
[  2%] Generating includes/lammps/error.h
[  2%] Built target angle.h
[  2%] Built target command.h
[  2%] Built target atom.h
[  2%] Built target citeme.h
[  2%] Built target bond.h
[  2%] Built target dihedral.h
[  2%] Built target fix.h
[  2%] Built target compute.h
[  2%] Built target force.h
[  2%] Built target domain.h
-- Generating lmpgitversion.h...
[  2%] Built target error.h
[  2%] Built target json_json.hpp
[  2%] Built target comm.h
[  2%] Built target exceptions.h
[  2%] Built target group.h
[  2%] Generating includes/lammps/improper.h
[  2%] Generating includes/lammps/json.h
[  2%] Built target gitversion
[  2%] Generating includes/lammps/json_fwd.h
[  2%] Generating includes/lammps/input.h
[  2%] Generating includes/lammps/kspace.h
[  2%] Generating includes/lammps/info.h
[  3%] Generating includes/lammps/lmptype.h
[  3%] Generating includes/lammps/library.h
[  3%] Generating includes/lammps/memory.h
[  3%] Generating includes/lammps/lattice.h
[  3%] Generating includes/lammps/lammps.h
[  3%] Generating includes/lammps/lmppython.h
[  3%] Generating includes/lammps/modify.h
[  3%] Built target improper.h
[  3%] Generating includes/lammps/neigh_list.h
[  3%] Built target json.h
[  3%] Generating includes/lammps/neighbor.h
[  3%] Built target library.h
[  3%] Generating includes/lammps/output.h
[  3%] Built target lattice.h
[  3%] Built target kspace.h
[  3%] Built target json_fwd.h
[  3%] Built target input.h
[  3%] Built target lmptype.h
[  3%] Built target memory.h
[  3%] Built target lmppython.h
[  3%] Built target info.h
[  3%] Built target modify.h
[  3%] Built target lammps.h
[  3%] Built target neighbor.h
[  3%] Built target neigh_list.h
[  3%] Generating includes/lammps/pair.h
[  4%] Generating includes/lammps/platform.h
[  4%] Built target output.h
[  4%] Generating includes/lammps/region.h
[  4%] Generating includes/lammps/universe.h
[  4%] Generating includes/lammps/timer.h
[  4%] Generating includes/lammps/update.h
[  4%] Generating includes/lammps/pointers.h
[  4%] Generating includes/lammps/fmt/format.h
[  5%] Generating includes/lammps/nlohmann/json_fwd.hpp
[  5%] Built target platform.h
[  5%] Generating includes/lammps/utils.h
[  5%] Generating includes/lammps/fmt/core.h
[  6%] Generating includes/lammps/variable.h
[  6%] Built target pair.h
[  6%] Built target update.h
[  6%] Built target region.h
[  6%] Built target universe.h
[  6%] Built target fmt_format.h
[  6%] Built target timer.h
[  6%] Built target json_json_fwd.hpp
[  6%] Built target pointers.h
[  6%] Built target fmt_core.h
[  6%] Built target variable.h
[  6%] Built target utils.h
[  6%] Building CXX object CMakeFiles/lammps.dir/home/azan/src/lammps/src/angle.cpp.o
[  6%] Building CXX object CMakeFiles/lammps.dir/home/azan/src/lammps/src/angle_hybrid.cpp.o
[  6%] Building CXX object CMakeFiles/lammps.dir/home/azan/src/lammps/src/angle_zero.cpp.o
[  6%] Building CXX object CMakeFiles/lammps.dir/home/azan/src/lammps/src/angle_deprecated.cpp.o
[  6%] Building CXX object CMakeFiles/lammps.dir/home/azan/src/lammps/src/angle_write.cpp.o
[  6%] Building CXX object CMakeFiles/lammps.dir/home/azan/src/lammps/src/atom_map.cpp.o
[  6%] Building CXX object CMakeFiles/lammps.dir/home/azan/src/lammps/src/atom_vec_atomic.cpp.o
[  7%] Building CXX object CMakeFiles/lammps.dir/home/azan/src/lammps/src/arg_info.cpp.o
[  6%] Building CXX object CMakeFiles/lammps.dir/home/azan/src/lammps/src/atom_vec.cpp.o
[  7%] Building CXX object CMakeFiles/lammps.dir/home/azan/src/lammps/src/atom_vec_charge.cpp.o
[  7%] Building CXX object CMakeFiles/lammps.dir/home/azan/src/lammps/src/atom.cpp.o
[  8%] Building CXX object CMakeFiles/lammps.dir/home/azan/src/lammps/src/atom_vec_ellipsoid.cpp.o
[  8%] Building CXX object CMakeFiles/lammps.dir/home/azan/src/lammps/src/atom_vec_body.cpp.o
[  8%] Building CXX object CMakeFiles/lammps.dir/home/azan/src/lammps/src/atom_vec_line.cpp.o
[  8%] Building CXX object CMakeFiles/lammps.dir/home/azan/src/lammps/src/atom_vec_sphere.cpp.o
[  8%] Building CXX object CMakeFiles/lammps.dir/home/azan/src/lammps/src/atom_vec_hybrid.cpp.o
[  8%] Building CXX object CMakeFiles/lammps.dir/home/azan/src/lammps/src/atom_vec_tri.cpp.o
[  8%] Building CXX object CMakeFiles/lammps.dir/home/azan/src/lammps/src/balance.cpp.o
[  8%] Building CXX object CMakeFiles/lammps.dir/home/azan/src/lammps/src/body.cpp.o
[  9%] Building CXX object CMakeFiles/lammps.dir/home/azan/src/lammps/src/bond.cpp.o
[  9%] Building CXX object CMakeFiles/lammps.dir/home/azan/src/lammps/src/bond_deprecated.cpp.o
[  9%] Building CXX object CMakeFiles/lammps.dir/home/azan/src/lammps/src/bond_hybrid.cpp.o
[  9%] Building CXX object CMakeFiles/lammps.dir/home/azan/src/lammps/src/bond_zero.cpp.o
[  9%] Building CXX object CMakeFiles/lammps.dir/home/azan/src/lammps/src/change_box.cpp.o
[  9%] Building CXX object CMakeFiles/lammps.dir/home/azan/src/lammps/src/citeme.cpp.o
[  9%] Building CXX object CMakeFiles/lammps.dir/home/azan/src/lammps/src/comm.cpp.o
[ 10%] Building CXX object CMakeFiles/lammps.dir/home/azan/src/lammps/src/comm_brick.cpp.o
[ 10%] Building CXX object CMakeFiles/lammps.dir/home/azan/src/lammps/src/comm_tiled.cpp.o
[ 10%] Building CXX object CMakeFiles/lammps.dir/home/azan/src/lammps/src/compute.cpp.o
[ 10%] Building CXX object CMakeFiles/lammps.dir/home/azan/src/lammps/src/compute_aggregate_atom.cpp.o
[ 10%] Building CXX object CMakeFiles/lammps.dir/home/azan/src/lammps/src/compute_angle.cpp.o
[ 10%] Building CXX object CMakeFiles/lammps.dir/home/azan/src/lammps/src/compute_angle_local.cpp.o
[ 10%] Building CXX object CMakeFiles/lammps.dir/home/azan/src/lammps/src/compute_angmom_chunk.cpp.o
[ 11%] Building CXX object CMakeFiles/lammps.dir/home/azan/src/lammps/src/compute_bond.cpp.o
[ 11%] Building CXX object CMakeFiles/lammps.dir/home/azan/src/lammps/src/compute_bond_local.cpp.o
[ 11%] Building CXX object CMakeFiles/lammps.dir/home/azan/src/lammps/src/compute_centro_atom.cpp.o
[ 11%] Building CXX object CMakeFiles/lammps.dir/home/azan/src/lammps/src/compute_centroid_stress_atom.cpp.o
[ 11%] Building CXX object CMakeFiles/lammps.dir/home/azan/src/lammps/src/compute_chunk.cpp.o
[ 11%] Building CXX object CMakeFiles/lammps.dir/home/azan/src/lammps/src/compute_chunk_atom.cpp.o
[ 11%] Building CXX object CMakeFiles/lammps.dir/home/azan/src/lammps/src/compute_chunk_spread_atom.cpp.o
[ 11%] Building CXX object CMakeFiles/lammps.dir/home/azan/src/lammps/src/compute_cluster_atom.cpp.o
[ 12%] Building CXX object CMakeFiles/lammps.dir/home/azan/src/lammps/src/compute_cna_atom.cpp.o
[ 12%] Building CXX object CMakeFiles/lammps.dir/home/azan/src/lammps/src/compute_com.cpp.o
[ 12%] Building CXX object CMakeFiles/lammps.dir/home/azan/src/lammps/src/compute_com_chunk.cpp.o
[ 12%] Building CXX object CMakeFiles/lammps.dir/home/azan/src/lammps/src/compute_coord_atom.cpp.o
[ 12%] Building CXX object CMakeFiles/lammps.dir/home/azan/src/lammps/src/compute_count_type.cpp.o
[ 12%] Building CXX object CMakeFiles/lammps.dir/home/azan/src/lammps/src/compute_deprecated.cpp.o
[ 12%] Building CXX object CMakeFiles/lammps.dir/home/azan/src/lammps/src/compute_dihedral.cpp.o
[ 13%] Building CXX object CMakeFiles/lammps.dir/home/azan/src/lammps/src/compute_dihedral_local.cpp.o
[ 13%] Building CXX object CMakeFiles/lammps.dir/home/azan/src/lammps/src/compute_dipole.cpp.o
[ 13%] Building CXX object CMakeFiles/lammps.dir/home/azan/src/lammps/src/compute_dipole_chunk.cpp.o
[ 13%] Building CXX object CMakeFiles/lammps.dir/home/azan/src/lammps/src/compute_displace_atom.cpp.o
[ 13%] Building CXX object CMakeFiles/lammps.dir/home/azan/src/lammps/src/compute_erotate_sphere.cpp.o
[ 13%] Building CXX object CMakeFiles/lammps.dir/home/azan/src/lammps/src/compute_erotate_sphere_atom.cpp.o
[ 13%] Building CXX object CMakeFiles/lammps.dir/home/azan/src/lammps/src/compute_fragment_atom.cpp.o
[ 14%] Building CXX object CMakeFiles/lammps.dir/home/azan/src/lammps/src/compute_global_atom.cpp.o
[ 14%] Building CXX object CMakeFiles/lammps.dir/home/azan/src/lammps/src/compute_group_group.cpp.o
[ 14%] Building CXX object CMakeFiles/lammps.dir/home/azan/src/lammps/src/compute_gyration.cpp.o
[ 14%] Building CXX object CMakeFiles/lammps.dir/home/azan/src/lammps/src/compute_gyration_chunk.cpp.o
[ 14%] Building CXX object CMakeFiles/lammps.dir/home/azan/src/lammps/src/compute_heat_flux.cpp.o
[ 14%] Building CXX object CMakeFiles/lammps.dir/home/azan/src/lammps/src/compute_improper.cpp.o
[ 14%] Building CXX object CMakeFiles/lammps.dir/home/azan/src/lammps/src/compute_improper_local.cpp.o
[ 15%] Building CXX object CMakeFiles/lammps.dir/home/azan/src/lammps/src/compute_inertia_chunk.cpp.o
[ 15%] Building CXX object CMakeFiles/lammps.dir/home/azan/src/lammps/src/compute_ke.cpp.o
[ 15%] Building CXX object CMakeFiles/lammps.dir/home/azan/src/lammps/src/compute_ke_atom.cpp.o
[ 15%] Building CXX object CMakeFiles/lammps.dir/home/azan/src/lammps/src/compute_msd.cpp.o
[ 15%] Building CXX object CMakeFiles/lammps.dir/home/azan/src/lammps/src/compute_msd_chunk.cpp.o
[ 15%] Building CXX object CMakeFiles/lammps.dir/home/azan/src/lammps/src/compute_orientorder_atom.cpp.o
[ 15%] Building CXX object CMakeFiles/lammps.dir/home/azan/src/lammps/src/compute_omega_chunk.cpp.o
[ 16%] Building CXX object CMakeFiles/lammps.dir/home/azan/src/lammps/src/compute_pair.cpp.o
[ 16%] Building CXX object CMakeFiles/lammps.dir/home/azan/src/lammps/src/compute_pair_local.cpp.o
[ 16%] Building CXX object CMakeFiles/lammps.dir/home/azan/src/lammps/src/compute_pe.cpp.o
[ 16%] Building CXX object CMakeFiles/lammps.dir/home/azan/src/lammps/src/compute_pe_atom.cpp.o
[ 16%] Building CXX object CMakeFiles/lammps.dir/home/azan/src/lammps/src/compute_pressure.cpp.o
[ 16%] Building CXX object CMakeFiles/lammps.dir/home/azan/src/lammps/src/compute_property_atom.cpp.o
[ 16%] Building CXX object CMakeFiles/lammps.dir/home/azan/src/lammps/src/compute_property_chunk.cpp.o
[ 17%] Building CXX object CMakeFiles/lammps.dir/home/azan/src/lammps/src/compute_property_grid.cpp.o
[ 17%] Building CXX object CMakeFiles/lammps.dir/home/azan/src/lammps/src/compute_property_local.cpp.o
[ 17%] Building CXX object CMakeFiles/lammps.dir/home/azan/src/lammps/src/compute_rdf.cpp.o
[ 17%] Building CXX object CMakeFiles/lammps.dir/home/azan/src/lammps/src/compute_reduce.cpp.o
[ 17%] Building CXX object CMakeFiles/lammps.dir/home/azan/src/lammps/src/compute_reduce_chunk.cpp.o
[ 17%] Building CXX object CMakeFiles/lammps.dir/home/azan/src/lammps/src/compute_reduce_region.cpp.o
[ 17%] Building CXX object CMakeFiles/lammps.dir/home/azan/src/lammps/src/compute_slice.cpp.o
[ 18%] Building CXX object CMakeFiles/lammps.dir/home/azan/src/lammps/src/compute_stress_atom.cpp.o
[ 18%] Building CXX object CMakeFiles/lammps.dir/home/azan/src/lammps/src/compute_temp.cpp.o
[ 18%] Building CXX object CMakeFiles/lammps.dir/home/azan/src/lammps/src/compute_temp_chunk.cpp.o
[ 18%] Building CXX object CMakeFiles/lammps.dir/home/azan/src/lammps/src/compute_temp_com.cpp.o
[ 18%] Building CXX object CMakeFiles/lammps.dir/home/azan/src/lammps/src/compute_temp_deform.cpp.o
[ 18%] Building CXX object CMakeFiles/lammps.dir/home/azan/src/lammps/src/compute_temp_partial.cpp.o
[ 18%] Building CXX object CMakeFiles/lammps.dir/home/azan/src/lammps/src/compute_temp_profile.cpp.o
[ 19%] Building CXX object CMakeFiles/lammps.dir/home/azan/src/lammps/src/compute_temp_ramp.cpp.o
[ 19%] Building CXX object CMakeFiles/lammps.dir/home/azan/src/lammps/src/compute_temp_region.cpp.o
[ 19%] Building CXX object CMakeFiles/lammps.dir/home/azan/src/lammps/src/compute_temp_sphere.cpp.o
[ 19%] Building CXX object CMakeFiles/lammps.dir/home/azan/src/lammps/src/compute_torque_chunk.cpp.o
[ 19%] Building CXX object CMakeFiles/lammps.dir/home/azan/src/lammps/src/compute_vacf.cpp.o
[ 19%] Building CXX object CMakeFiles/lammps.dir/home/azan/src/lammps/src/compute_vacf_chunk.cpp.o
[ 19%] Building CXX object CMakeFiles/lammps.dir/home/azan/src/lammps/src/compute_vcm_chunk.cpp.o
[ 20%] Building CXX object CMakeFiles/lammps.dir/home/azan/src/lammps/src/create_atoms.cpp.o
[ 20%] Building CXX object CMakeFiles/lammps.dir/home/azan/src/lammps/src/create_bonds.cpp.o
[ 20%] Building CXX object CMakeFiles/lammps.dir/home/azan/src/lammps/src/create_box.cpp.o
[ 20%] Building CXX object CMakeFiles/lammps.dir/home/azan/src/lammps/src/delete_atoms.cpp.o
[ 20%] Building CXX object CMakeFiles/lammps.dir/home/azan/src/lammps/src/delete_bonds.cpp.o
[ 20%] Building CXX object CMakeFiles/lammps.dir/home/azan/src/lammps/src/deprecated.cpp.o
[ 20%] Building CXX object CMakeFiles/lammps.dir/home/azan/src/lammps/src/dihedral.cpp.o
[ 20%] Building CXX object CMakeFiles/lammps.dir/home/azan/src/lammps/src/dihedral_deprecated.cpp.o
[ 21%] Building CXX object CMakeFiles/lammps.dir/home/azan/src/lammps/src/dihedral_hybrid.cpp.o
[ 21%] Building CXX object CMakeFiles/lammps.dir/home/azan/src/lammps/src/dihedral_write.cpp.o
[ 21%] Building CXX object CMakeFiles/lammps.dir/home/azan/src/lammps/src/dihedral_zero.cpp.o
[ 21%] Building CXX object CMakeFiles/lammps.dir/home/azan/src/lammps/src/displace_atoms.cpp.o
[ 21%] Building CXX object CMakeFiles/lammps.dir/home/azan/src/lammps/src/domain.cpp.o
[ 21%] Building CXX object CMakeFiles/lammps.dir/home/azan/src/lammps/src/dump.cpp.o
[ 21%] Building CXX object CMakeFiles/lammps.dir/home/azan/src/lammps/src/dump_atom.cpp.o
[ 22%] Building CXX object CMakeFiles/lammps.dir/home/azan/src/lammps/src/dump_cfg.cpp.o
[ 22%] Building CXX object CMakeFiles/lammps.dir/home/azan/src/lammps/src/dump_custom.cpp.o
[ 22%] Building CXX object CMakeFiles/lammps.dir/home/azan/src/lammps/src/dump_deprecated.cpp.o
[ 22%] Building CXX object CMakeFiles/lammps.dir/home/azan/src/lammps/src/dump_grid.cpp.o
[ 22%] Building CXX object CMakeFiles/lammps.dir/home/azan/src/lammps/src/dump_grid_vtk.cpp.o
[ 22%] Building CXX object CMakeFiles/lammps.dir/home/azan/src/lammps/src/dump_image.cpp.o
[ 22%] Building CXX object CMakeFiles/lammps.dir/home/azan/src/lammps/src/dump_local.cpp.o
[ 23%] Building CXX object CMakeFiles/lammps.dir/home/azan/src/lammps/src/dump_movie.cpp.o
[ 23%] Building CXX object CMakeFiles/lammps.dir/home/azan/src/lammps/src/dump_xyz.cpp.o
[ 23%] Building CXX object CMakeFiles/lammps.dir/home/azan/src/lammps/src/error.cpp.o
[ 23%] Building CXX object CMakeFiles/lammps.dir/home/azan/src/lammps/src/finish.cpp.o
[ 23%] Building CXX object CMakeFiles/lammps.dir/home/azan/src/lammps/src/fix.cpp.o
[ 23%] Building CXX object CMakeFiles/lammps.dir/home/azan/src/lammps/src/fix_adapt.cpp.o
[ 23%] Building CXX object CMakeFiles/lammps.dir/home/azan/src/lammps/src/fix_addforce.cpp.o
[ 24%] Building CXX object CMakeFiles/lammps.dir/home/azan/src/lammps/src/fix_ave_atom.cpp.o
[ 24%] Building CXX object CMakeFiles/lammps.dir/home/azan/src/lammps/src/fix_ave_chunk.cpp.o
[ 24%] Building CXX object CMakeFiles/lammps.dir/home/azan/src/lammps/src/fix_ave_correlate.cpp.o
[ 24%] Building CXX object CMakeFiles/lammps.dir/home/azan/src/lammps/src/fix_ave_grid.cpp.o
[ 24%] Building CXX object CMakeFiles/lammps.dir/home/azan/src/lammps/src/fix_ave_histo.cpp.o
[ 24%] Building CXX object CMakeFiles/lammps.dir/home/azan/src/lammps/src/fix_ave_histo_weight.cpp.o
[ 24%] Building CXX object CMakeFiles/lammps.dir/home/azan/src/lammps/src/fix_ave_time.cpp.o
[ 25%] Building CXX object CMakeFiles/lammps.dir/home/azan/src/lammps/src/fix_aveforce.cpp.o
[ 25%] Building CXX object CMakeFiles/lammps.dir/home/azan/src/lammps/src/fix_balance.cpp.o
[ 25%] Building CXX object CMakeFiles/lammps.dir/home/azan/src/lammps/src/fix_bond_history.cpp.o
[ 25%] Building CXX object CMakeFiles/lammps.dir/home/azan/src/lammps/src/fix_box_relax.cpp.o
[ 25%] Building CXX object CMakeFiles/lammps.dir/home/azan/src/lammps/src/fix_deform.cpp.o
[ 25%] Building CXX object CMakeFiles/lammps.dir/home/azan/src/lammps/src/fix_deposit.cpp.o
[ 25%] Building CXX object CMakeFiles/lammps.dir/home/azan/src/lammps/src/fix_deprecated.cpp.o
[ 26%] Building CXX object CMakeFiles/lammps.dir/home/azan/src/lammps/src/fix_dt_reset.cpp.o
[ 26%] Building CXX object CMakeFiles/lammps.dir/home/azan/src/lammps/src/fix_dummy.cpp.o
[ 26%] Building CXX object CMakeFiles/lammps.dir/home/azan/src/lammps/src/fix_efield.cpp.o
[ 26%] Building CXX object CMakeFiles/lammps.dir/home/azan/src/lammps/src/fix_enforce2d.cpp.o
[ 26%] Building CXX object CMakeFiles/lammps.dir/home/azan/src/lammps/src/fix_evaporate.cpp.o
[ 26%] Building CXX object CMakeFiles/lammps.dir/home/azan/src/lammps/src/fix_external.cpp.o
[ 26%] Building CXX object CMakeFiles/lammps.dir/home/azan/src/lammps/src/fix_gravity.cpp.o
[ 27%] Building CXX object CMakeFiles/lammps.dir/home/azan/src/lammps/src/fix_group.cpp.o
[ 27%] Building CXX object CMakeFiles/lammps.dir/home/azan/src/lammps/src/fix_halt.cpp.o
[ 27%] Building CXX object CMakeFiles/lammps.dir/home/azan/src/lammps/src/fix_heat.cpp.o
[ 27%] Building CXX object CMakeFiles/lammps.dir/home/azan/src/lammps/src/fix_indent.cpp.o
[ 27%] Building CXX object CMakeFiles/lammps.dir/home/azan/src/lammps/src/fix_langevin.cpp.o
[ 27%] Building CXX object CMakeFiles/lammps.dir/home/azan/src/lammps/src/fix_lineforce.cpp.o
[ 27%] Building CXX object CMakeFiles/lammps.dir/home/azan/src/lammps/src/fix_minimize.cpp.o
[ 28%] Building CXX object CMakeFiles/lammps.dir/home/azan/src/lammps/src/fix_momentum.cpp.o
[ 28%] Building CXX object CMakeFiles/lammps.dir/home/azan/src/lammps/src/fix_move.cpp.o
[ 28%] Building CXX object CMakeFiles/lammps.dir/home/azan/src/lammps/src/fix_neigh_history.cpp.o
[ 28%] Building CXX object CMakeFiles/lammps.dir/home/azan/src/lammps/src/fix_nh.cpp.o
[ 28%] Building CXX object CMakeFiles/lammps.dir/home/azan/src/lammps/src/fix_nh_sphere.cpp.o
[ 28%] Building CXX object CMakeFiles/lammps.dir/home/azan/src/lammps/src/fix_nph.cpp.o
[ 28%] Building CXX object CMakeFiles/lammps.dir/home/azan/src/lammps/src/fix_nph_sphere.cpp.o
[ 29%] Building CXX object CMakeFiles/lammps.dir/home/azan/src/lammps/src/fix_npt.cpp.o
[ 29%] Building CXX object CMakeFiles/lammps.dir/home/azan/src/lammps/src/fix_npt_sphere.cpp.o
[ 29%] Building CXX object CMakeFiles/lammps.dir/home/azan/src/lammps/src/fix_nve.cpp.o
[ 29%] Building CXX object CMakeFiles/lammps.dir/home/azan/src/lammps/src/fix_nve_limit.cpp.o
[ 29%] Building CXX object CMakeFiles/lammps.dir/home/azan/src/lammps/src/fix_nve_noforce.cpp.o
[ 29%] Building CXX object CMakeFiles/lammps.dir/home/azan/src/lammps/src/fix_nve_sphere.cpp.o
[ 29%] Building CXX object CMakeFiles/lammps.dir/home/azan/src/lammps/src/fix_nvt.cpp.o
[ 29%] Building CXX object CMakeFiles/lammps.dir/home/azan/src/lammps/src/fix_nvt_sllod.cpp.o
[ 30%] Building CXX object CMakeFiles/lammps.dir/home/azan/src/lammps/src/fix_nvt_sphere.cpp.o
[ 30%] Building CXX object CMakeFiles/lammps.dir/home/azan/src/lammps/src/fix_pair.cpp.o
[ 30%] Building CXX object CMakeFiles/lammps.dir/home/azan/src/lammps/src/fix_planeforce.cpp.o
[ 30%] Building CXX object CMakeFiles/lammps.dir/home/azan/src/lammps/src/fix_press_berendsen.cpp.o
[ 30%] Building CXX object CMakeFiles/lammps.dir/home/azan/src/lammps/src/fix_press_langevin.cpp.o
[ 30%] Building CXX object CMakeFiles/lammps.dir/home/azan/src/lammps/src/fix_print.cpp.o
[ 30%] Building CXX object CMakeFiles/lammps.dir/home/azan/src/lammps/src/fix_property_atom.cpp.o
[ 31%] Building CXX object CMakeFiles/lammps.dir/home/azan/src/lammps/src/fix_read_restart.cpp.o
[ 31%] Building CXX object CMakeFiles/lammps.dir/home/azan/src/lammps/src/fix_recenter.cpp.o
[ 31%] Building CXX object CMakeFiles/lammps.dir/home/azan/src/lammps/src/fix_respa.cpp.o
[ 31%] Building CXX object CMakeFiles/lammps.dir/home/azan/src/lammps/src/fix_restrain.cpp.o
[ 31%] Building CXX object CMakeFiles/lammps.dir/home/azan/src/lammps/src/fix_set.cpp.o
[ 31%] Building CXX object CMakeFiles/lammps.dir/home/azan/src/lammps/src/fix_setforce.cpp.o
[ 31%] Building CXX object CMakeFiles/lammps.dir/home/azan/src/lammps/src/fix_spring.cpp.o
[ 32%] Building CXX object CMakeFiles/lammps.dir/home/azan/src/lammps/src/fix_spring_chunk.cpp.o
[ 32%] Building CXX object CMakeFiles/lammps.dir/home/azan/src/lammps/src/fix_spring_self.cpp.o
[ 32%] Building CXX object CMakeFiles/lammps.dir/home/azan/src/lammps/src/fix_store_atom.cpp.o
[ 32%] Building CXX object CMakeFiles/lammps.dir/home/azan/src/lammps/src/fix_store_force.cpp.o
[ 32%] Building CXX object CMakeFiles/lammps.dir/home/azan/src/lammps/src/fix_store_global.cpp.o
[ 32%] Building CXX object CMakeFiles/lammps.dir/home/azan/src/lammps/src/fix_store_local.cpp.o
[ 32%] Building CXX object CMakeFiles/lammps.dir/home/azan/src/lammps/src/fix_store_state.cpp.o
[ 33%] Building CXX object CMakeFiles/lammps.dir/home/azan/src/lammps/src/fix_temp_berendsen.cpp.o
[ 33%] Building CXX object CMakeFiles/lammps.dir/home/azan/src/lammps/src/fix_temp_rescale.cpp.o
[ 33%] Building CXX object CMakeFiles/lammps.dir/home/azan/src/lammps/src/fix_thermal_conductivity.cpp.o
[ 33%] Building CXX object CMakeFiles/lammps.dir/home/azan/src/lammps/src/fix_vector.cpp.o
[ 33%] Building CXX object CMakeFiles/lammps.dir/home/azan/src/lammps/src/fix_viscous.cpp.o
[ 33%] Building CXX object CMakeFiles/lammps.dir/home/azan/src/lammps/src/fix_wall.cpp.o
[ 33%] Building CXX object CMakeFiles/lammps.dir/home/azan/src/lammps/src/fix_wall_harmonic.cpp.o
[ 33%] Building CXX object CMakeFiles/lammps.dir/home/azan/src/lammps/src/fix_wall_lj126.cpp.o
[ 34%] Building CXX object CMakeFiles/lammps.dir/home/azan/src/lammps/src/fix_wall_lj1043.cpp.o
[ 34%] Building CXX object CMakeFiles/lammps.dir/home/azan/src/lammps/src/fix_wall_lj93.cpp.o
[ 34%] Building CXX object CMakeFiles/lammps.dir/home/azan/src/lammps/src/fix_wall_morse.cpp.o
[ 34%] Building CXX object CMakeFiles/lammps.dir/home/azan/src/lammps/src/fix_wall_reflect.cpp.o
[ 34%] Building CXX object CMakeFiles/lammps.dir/home/azan/src/lammps/src/fix_wall_region.cpp.o
[ 34%] Building CXX object CMakeFiles/lammps.dir/home/azan/src/lammps/src/fix_wall_table.cpp.o
[ 35%] Building CXX object CMakeFiles/lammps.dir/home/azan/src/lammps/src/fmtlib_format.cpp.o
[ 35%] Building CXX object CMakeFiles/lammps.dir/home/azan/src/lammps/src/fmtlib_os.cpp.o
[ 35%] Building CXX object CMakeFiles/lammps.dir/home/azan/src/lammps/src/force.cpp.o
[ 35%] Building CXX object CMakeFiles/lammps.dir/home/azan/src/lammps/src/grid2d.cpp.o
[ 35%] Building CXX object CMakeFiles/lammps.dir/home/azan/src/lammps/src/grid3d.cpp.o
[ 35%] Building CXX object CMakeFiles/lammps.dir/home/azan/src/lammps/src/group.cpp.o
[ 35%] Building CXX object CMakeFiles/lammps.dir/home/azan/src/lammps/src/hashlittle.cpp.o
[ 36%] Building CXX object CMakeFiles/lammps.dir/home/azan/src/lammps/src/image.cpp.o
[ 36%] Building CXX object CMakeFiles/lammps.dir/home/azan/src/lammps/src/imbalance.cpp.o
[ 36%] Building CXX object CMakeFiles/lammps.dir/home/azan/src/lammps/src/imbalance_group.cpp.o
[ 36%] Building CXX object CMakeFiles/lammps.dir/home/azan/src/lammps/src/imbalance_neigh.cpp.o
[ 36%] Building CXX object CMakeFiles/lammps.dir/home/azan/src/lammps/src/imbalance_store.cpp.o
[ 36%] Building CXX object CMakeFiles/lammps.dir/home/azan/src/lammps/src/imbalance_time.cpp.o
[ 36%] Building CXX object CMakeFiles/lammps.dir/home/azan/src/lammps/src/imbalance_var.cpp.o
[ 37%] Building CXX object CMakeFiles/lammps.dir/home/azan/src/lammps/src/improper.cpp.o
[ 37%] Building CXX object CMakeFiles/lammps.dir/home/azan/src/lammps/src/improper_deprecated.cpp.o
[ 37%] Building CXX object CMakeFiles/lammps.dir/home/azan/src/lammps/src/improper_hybrid.cpp.o
[ 37%] Building CXX object CMakeFiles/lammps.dir/home/azan/src/lammps/src/improper_zero.cpp.o
[ 37%] Building CXX object CMakeFiles/lammps.dir/home/azan/src/lammps/src/info.cpp.o
[ 37%] Building CXX object CMakeFiles/lammps.dir/home/azan/src/lammps/src/input.cpp.o
[ 37%] Building CXX object CMakeFiles/lammps.dir/home/azan/src/lammps/src/integrate.cpp.o
[ 38%] Building CXX object CMakeFiles/lammps.dir/home/azan/src/lammps/src/irregular.cpp.o
[ 38%] Building CXX object CMakeFiles/lammps.dir/home/azan/src/lammps/src/kspace.cpp.o
[ 38%] Building CXX object CMakeFiles/lammps.dir/home/azan/src/lammps/src/kspace_deprecated.cpp.o
[ 38%] Building CXX object CMakeFiles/lammps.dir/home/azan/src/lammps/src/kspace_zero.cpp.o
[ 38%] Building CXX object CMakeFiles/lammps.dir/home/azan/src/lammps/src/label_map.cpp.o
[ 38%] Building CXX object CMakeFiles/lammps.dir/home/azan/src/lammps/src/lammps.cpp.o
[ 38%] Building CXX object CMakeFiles/lammps.dir/home/azan/src/lammps/src/lattice.cpp.o
[ 38%] Building CXX object CMakeFiles/lammps.dir/home/azan/src/lammps/src/library.cpp.o
[ 39%] Building CXX object CMakeFiles/lammps.dir/home/azan/src/lammps/src/lmppython.cpp.o
[ 39%] Building CXX object CMakeFiles/lammps.dir/home/azan/src/lammps/src/math_eigen.cpp.o
[ 39%] Building CXX object CMakeFiles/lammps.dir/home/azan/src/lammps/src/math_extra.cpp.o
[ 39%] Building CXX object CMakeFiles/lammps.dir/home/azan/src/lammps/src/math_special.cpp.o
[ 39%] Building CXX object CMakeFiles/lammps.dir/home/azan/src/lammps/src/memory.cpp.o
[ 39%] Building CXX object CMakeFiles/lammps.dir/home/azan/src/lammps/src/min.cpp.o
[ 39%] Building CXX object CMakeFiles/lammps.dir/home/azan/src/lammps/src/min_cg.cpp.o
[ 40%] Building CXX object CMakeFiles/lammps.dir/home/azan/src/lammps/src/min_deprecated.cpp.o
[ 40%] Building CXX object CMakeFiles/lammps.dir/home/azan/src/lammps/src/min_fire.cpp.o
[ 40%] Building CXX object CMakeFiles/lammps.dir/home/azan/src/lammps/src/min_hftn.cpp.o
[ 40%] Building CXX object CMakeFiles/lammps.dir/home/azan/src/lammps/src/min_linesearch.cpp.o
[ 40%] Building CXX object CMakeFiles/lammps.dir/home/azan/src/lammps/src/min_quickmin.cpp.o
[ 40%] Building CXX object CMakeFiles/lammps.dir/home/azan/src/lammps/src/min_sd.cpp.o
[ 40%] Building CXX object CMakeFiles/lammps.dir/home/azan/src/lammps/src/minimize.cpp.o
[ 41%] Building CXX object CMakeFiles/lammps.dir/home/azan/src/lammps/src/modify.cpp.o
[ 41%] Building CXX object CMakeFiles/lammps.dir/home/azan/src/lammps/src/molecule.cpp.o
[ 41%] Building CXX object CMakeFiles/lammps.dir/home/azan/src/lammps/src/my_page.cpp.o
[ 41%] Building CXX object CMakeFiles/lammps.dir/home/azan/src/lammps/src/my_pool_chunk.cpp.o
[ 41%] Building CXX object CMakeFiles/lammps.dir/home/azan/src/lammps/src/nbin.cpp.o
[ 41%] Building CXX object CMakeFiles/lammps.dir/home/azan/src/lammps/src/nbin_multi.cpp.o
[ 41%] Building CXX object CMakeFiles/lammps.dir/home/azan/src/lammps/src/nbin_standard.cpp.o
[ 42%] Building CXX object CMakeFiles/lammps.dir/home/azan/src/lammps/src/neigh_list.cpp.o
[ 42%] Building CXX object CMakeFiles/lammps.dir/home/azan/src/lammps/src/neigh_request.cpp.o
[ 42%] Building CXX object CMakeFiles/lammps.dir/home/azan/src/lammps/src/neighbor.cpp.o
[ 42%] Building CXX object CMakeFiles/lammps.dir/home/azan/src/lammps/src/npair.cpp.o
[ 42%] Building CXX object CMakeFiles/lammps.dir/home/azan/src/lammps/src/npair_bin.cpp.o
[ 42%] Building CXX object CMakeFiles/lammps.dir/home/azan/src/lammps/src/npair_bin_ghost.cpp.o
[ 42%] Building CXX object CMakeFiles/lammps.dir/home/azan/src/lammps/src/npair_copy.cpp.o
[ 43%] Building CXX object CMakeFiles/lammps.dir/home/azan/src/lammps/src/npair_halffull.cpp.o
[ 43%] Building CXX object CMakeFiles/lammps.dir/home/azan/src/lammps/src/npair_multi.cpp.o
[ 43%] Building CXX object CMakeFiles/lammps.dir/home/azan/src/lammps/src/npair_multi_old.cpp.o
[ 43%] Building CXX object CMakeFiles/lammps.dir/home/azan/src/lammps/src/npair_nsq.cpp.o
[ 43%] Building CXX object CMakeFiles/lammps.dir/home/azan/src/lammps/src/npair_nsq_ghost.cpp.o
[ 43%] Building CXX object CMakeFiles/lammps.dir/home/azan/src/lammps/src/npair_respa_bin.cpp.o
[ 43%] Building CXX object CMakeFiles/lammps.dir/home/azan/src/lammps/src/npair_respa_nsq.cpp.o
[ 44%] Building CXX object CMakeFiles/lammps.dir/home/azan/src/lammps/src/npair_skip.cpp.o
[ 44%] Building CXX object CMakeFiles/lammps.dir/home/azan/src/lammps/src/npair_skip_respa.cpp.o
[ 44%] Building CXX object CMakeFiles/lammps.dir/home/azan/src/lammps/src/npair_skip_size_off2on.cpp.o
[ 44%] Building CXX object CMakeFiles/lammps.dir/home/azan/src/lammps/src/npair_skip_size_off2on_oneside.cpp.o
[ 44%] Building CXX object CMakeFiles/lammps.dir/home/azan/src/lammps/src/npair_trim.cpp.o
[ 44%] Building CXX object CMakeFiles/lammps.dir/home/azan/src/lammps/src/nstencil.cpp.o
[ 44%] Building CXX object CMakeFiles/lammps.dir/home/azan/src/lammps/src/nstencil_bin.cpp.o
[ 45%] Building CXX object CMakeFiles/lammps.dir/home/azan/src/lammps/src/nstencil_ghost_bin.cpp.o
[ 45%] Building CXX object CMakeFiles/lammps.dir/home/azan/src/lammps/src/nstencil_multi.cpp.o
[ 45%] Building CXX object CMakeFiles/lammps.dir/home/azan/src/lammps/src/nstencil_multi_old.cpp.o
[ 45%] Building CXX object CMakeFiles/lammps.dir/home/azan/src/lammps/src/ntopo.cpp.o
[ 45%] Building CXX object CMakeFiles/lammps.dir/home/azan/src/lammps/src/ntopo_angle_all.cpp.o
[ 45%] Building CXX object CMakeFiles/lammps.dir/home/azan/src/lammps/src/ntopo_angle_partial.cpp.o
[ 45%] Building CXX object CMakeFiles/lammps.dir/home/azan/src/lammps/src/ntopo_angle_template.cpp.o
[ 46%] Building CXX object CMakeFiles/lammps.dir/home/azan/src/lammps/src/ntopo_bond_all.cpp.o
[ 46%] Building CXX object CMakeFiles/lammps.dir/home/azan/src/lammps/src/ntopo_bond_partial.cpp.o
[ 46%] Building CXX object CMakeFiles/lammps.dir/home/azan/src/lammps/src/ntopo_bond_template.cpp.o
[ 46%] Building CXX object CMakeFiles/lammps.dir/home/azan/src/lammps/src/ntopo_dihedral_all.cpp.o
[ 46%] Building CXX object CMakeFiles/lammps.dir/home/azan/src/lammps/src/ntopo_dihedral_partial.cpp.o
[ 46%] Building CXX object CMakeFiles/lammps.dir/home/azan/src/lammps/src/ntopo_dihedral_template.cpp.o
[ 46%] Building CXX object CMakeFiles/lammps.dir/home/azan/src/lammps/src/ntopo_improper_all.cpp.o
[ 46%] Building CXX object CMakeFiles/lammps.dir/home/azan/src/lammps/src/ntopo_improper_template.cpp.o
[ 47%] Building CXX object CMakeFiles/lammps.dir/home/azan/src/lammps/src/ntopo_improper_partial.cpp.o
[ 47%] Building CXX object CMakeFiles/lammps.dir/home/azan/src/lammps/src/output.cpp.o
[ 47%] Building CXX object CMakeFiles/lammps.dir/home/azan/src/lammps/src/pair.cpp.o
[ 47%] Building CXX object CMakeFiles/lammps.dir/home/azan/src/lammps/src/pair_born.cpp.o
[ 47%] Building CXX object CMakeFiles/lammps.dir/home/azan/src/lammps/src/pair_buck.cpp.o
[ 47%] Building CXX object CMakeFiles/lammps.dir/home/azan/src/lammps/src/pair_buck_coul_cut.cpp.o
[ 47%] Building CXX object CMakeFiles/lammps.dir/home/azan/src/lammps/src/pair_coul_cut.cpp.o
[ 48%] Building CXX object CMakeFiles/lammps.dir/home/azan/src/lammps/src/pair_coul_debye.cpp.o
[ 48%] Building CXX object CMakeFiles/lammps.dir/home/azan/src/lammps/src/pair_coul_dsf.cpp.o
[ 48%] Building CXX object CMakeFiles/lammps.dir/home/azan/src/lammps/src/pair_coul_wolf.cpp.o
[ 48%] Building CXX object CMakeFiles/lammps.dir/home/azan/src/lammps/src/pair_deprecated.cpp.o
[ 48%] Building CXX object CMakeFiles/lammps.dir/home/azan/src/lammps/src/pair_hybrid.cpp.o
[ 48%] Building CXX object CMakeFiles/lammps.dir/home/azan/src/lammps/src/pair_hybrid_molecular.cpp.o
[ 48%] Building CXX object CMakeFiles/lammps.dir/home/azan/src/lammps/src/pair_hybrid_overlay.cpp.o
[ 49%] Building CXX object CMakeFiles/lammps.dir/home/azan/src/lammps/src/pair_hybrid_scaled.cpp.o
[ 49%] Building CXX object CMakeFiles/lammps.dir/home/azan/src/lammps/src/pair_lj_cut.cpp.o
[ 49%] Building CXX object CMakeFiles/lammps.dir/home/azan/src/lammps/src/pair_lj_cut_coul_cut.cpp.o
[ 49%] Building CXX object CMakeFiles/lammps.dir/home/azan/src/lammps/src/pair_lj_expand.cpp.o
[ 49%] Building CXX object CMakeFiles/lammps.dir/home/azan/src/lammps/src/pair_morse.cpp.o
[ 49%] Building CXX object CMakeFiles/lammps.dir/home/azan/src/lammps/src/pair_soft.cpp.o
[ 49%] Building CXX object CMakeFiles/lammps.dir/home/azan/src/lammps/src/pair_table.cpp.o
[ 50%] Building CXX object CMakeFiles/lammps.dir/home/azan/src/lammps/src/pair_yukawa.cpp.o
[ 50%] Building CXX object CMakeFiles/lammps.dir/home/azan/src/lammps/src/pair_zbl.cpp.o
[ 50%] Building CXX object CMakeFiles/lammps.dir/home/azan/src/lammps/src/pair_zero.cpp.o
[ 50%] Building CXX object CMakeFiles/lammps.dir/home/azan/src/lammps/src/platform.cpp.o
[ 50%] Building CXX object CMakeFiles/lammps.dir/home/azan/src/lammps/src/potential_file_reader.cpp.o
[ 50%] Building CXX object CMakeFiles/lammps.dir/home/azan/src/lammps/src/procmap.cpp.o
[ 50%] Building CXX object CMakeFiles/lammps.dir/home/azan/src/lammps/src/random_mars.cpp.o
[ 51%] Building CXX object CMakeFiles/lammps.dir/home/azan/src/lammps/src/random_park.cpp.o
[ 51%] Building CXX object CMakeFiles/lammps.dir/home/azan/src/lammps/src/rcb.cpp.o
[ 51%] Building CXX object CMakeFiles/lammps.dir/home/azan/src/lammps/src/read_data.cpp.o
[ 51%] Building CXX object CMakeFiles/lammps.dir/home/azan/src/lammps/src/read_dump.cpp.o
[ 51%] Building CXX object CMakeFiles/lammps.dir/home/azan/src/lammps/src/read_restart.cpp.o
[ 51%] Building CXX object CMakeFiles/lammps.dir/home/azan/src/lammps/src/reader.cpp.o
[ 51%] Building CXX object CMakeFiles/lammps.dir/home/azan/src/lammps/src/reader_native.cpp.o
[ 52%] Building CXX object CMakeFiles/lammps.dir/home/azan/src/lammps/src/reader_xyz.cpp.o
[ 52%] Building CXX object CMakeFiles/lammps.dir/home/azan/src/lammps/src/region_cone.cpp.o
[ 52%] Building CXX object CMakeFiles/lammps.dir/home/azan/src/lammps/src/region.cpp.o
[ 52%] Building CXX object CMakeFiles/lammps.dir/home/azan/src/lammps/src/region_block.cpp.o
[ 52%] Building CXX object CMakeFiles/lammps.dir/home/azan/src/lammps/src/region_cylinder.cpp.o
[ 52%] Building CXX object CMakeFiles/lammps.dir/home/azan/src/lammps/src/region_deprecated.cpp.o
[ 52%] Building CXX object CMakeFiles/lammps.dir/home/azan/src/lammps/src/region_ellipsoid.cpp.o
[ 53%] Building CXX object CMakeFiles/lammps.dir/home/azan/src/lammps/src/region_intersect.cpp.o
[ 53%] Building CXX object CMakeFiles/lammps.dir/home/azan/src/lammps/src/region_plane.cpp.o
[ 53%] Building CXX object CMakeFiles/lammps.dir/home/azan/src/lammps/src/region_prism.cpp.o
[ 53%] Building CXX object CMakeFiles/lammps.dir/home/azan/src/lammps/src/region_sphere.cpp.o
[ 53%] Building CXX object CMakeFiles/lammps.dir/home/azan/src/lammps/src/region_union.cpp.o
[ 53%] Building CXX object CMakeFiles/lammps.dir/home/azan/src/lammps/src/replicate.cpp.o
[ 53%] Building CXX object CMakeFiles/lammps.dir/home/azan/src/lammps/src/rerun.cpp.o
[ 54%] Building CXX object CMakeFiles/lammps.dir/home/azan/src/lammps/src/reset_atoms_id.cpp.o
[ 54%] Building CXX object CMakeFiles/lammps.dir/home/azan/src/lammps/src/reset_atoms_image.cpp.o
[ 54%] Building CXX object CMakeFiles/lammps.dir/home/azan/src/lammps/src/reset_atoms_mol.cpp.o
[ 54%] Building CXX object CMakeFiles/lammps.dir/home/azan/src/lammps/src/respa.cpp.o
[ 54%] Building CXX object CMakeFiles/lammps.dir/home/azan/src/lammps/src/run.cpp.o
[ 54%] Building CXX object CMakeFiles/lammps.dir/home/azan/src/lammps/src/set.cpp.o
[ 54%] Building CXX object CMakeFiles/lammps.dir/home/azan/src/lammps/src/special.cpp.o
[ 55%] Building CXX object CMakeFiles/lammps.dir/home/azan/src/lammps/src/table_file_reader.cpp.o
[ 55%] Building CXX object CMakeFiles/lammps.dir/home/azan/src/lammps/src/tabular_function.cpp.o
[ 55%] Building CXX object CMakeFiles/lammps.dir/home/azan/src/lammps/src/thermo.cpp.o
[ 55%] Building CXX object CMakeFiles/lammps.dir/home/azan/src/lammps/src/text_file_reader.cpp.o
[ 55%] Building CXX object CMakeFiles/lammps.dir/home/azan/src/lammps/src/timer.cpp.o
[ 55%] Building CXX object CMakeFiles/lammps.dir/home/azan/src/lammps/src/tokenizer.cpp.o
[ 55%] Building CXX object CMakeFiles/lammps.dir/home/azan/src/lammps/src/universe.cpp.o
[ 56%] Building CXX object CMakeFiles/lammps.dir/home/azan/src/lammps/src/update.cpp.o
[ 56%] Building CXX object CMakeFiles/lammps.dir/home/azan/src/lammps/src/utils.cpp.o
[ 56%] Building CXX object CMakeFiles/lammps.dir/home/azan/src/lammps/src/variable.cpp.o
[ 56%] Building CXX object CMakeFiles/lammps.dir/home/azan/src/lammps/src/velocity.cpp.o
[ 56%] Building CXX object CMakeFiles/lammps.dir/home/azan/src/lammps/src/verlet.cpp.o
[ 56%] Building CXX object CMakeFiles/lammps.dir/home/azan/src/lammps/src/write_coeff.cpp.o
[ 56%] Building CXX object CMakeFiles/lammps.dir/home/azan/src/lammps/src/write_data.cpp.o
[ 56%] Building CXX object CMakeFiles/lammps.dir/home/azan/src/lammps/src/write_dump.cpp.o
[ 57%] Building CXX object CMakeFiles/lammps.dir/home/azan/src/lammps/src/write_restart.cpp.o
[ 57%] Building CXX object CMakeFiles/lammps.dir/home/azan/src/lammps/src/ELECTRODE/boundary_correction.cpp.o
[ 57%] Building CXX object CMakeFiles/lammps.dir/home/azan/src/lammps/src/ELECTRODE/electrode_matrix.cpp.o
[ 57%] Building CXX object CMakeFiles/lammps.dir/home/azan/src/lammps/src/ELECTRODE/electrode_vector.cpp.o
[ 57%] Building CXX object CMakeFiles/lammps.dir/home/azan/src/lammps/src/ELECTRODE/ewald_electrode.cpp.o
[ 57%] Building CXX object CMakeFiles/lammps.dir/home/azan/src/lammps/src/ELECTRODE/fix_electrode_conp.cpp.o
[ 57%] Building CXX object CMakeFiles/lammps.dir/home/azan/src/lammps/src/ELECTRODE/fix_electrode_conq.cpp.o
[ 58%] Building CXX object CMakeFiles/lammps.dir/home/azan/src/lammps/src/ELECTRODE/fix_electrode_thermo.cpp.o
[ 58%] Building CXX object CMakeFiles/lammps.dir/home/azan/src/lammps/src/ELECTRODE/pppm_electrode.cpp.o
[ 58%] Building CXX object CMakeFiles/lammps.dir/home/azan/src/lammps/src/ELECTRODE/slab_2d.cpp.o
[ 58%] Building CXX object CMakeFiles/lammps.dir/home/azan/src/lammps/src/ELECTRODE/slab_dipole.cpp.o
[ 58%] Building CXX object CMakeFiles/lammps.dir/home/azan/src/lammps/src/ELECTRODE/wire_dipole.cpp.o
[ 58%] Building CXX object CMakeFiles/lammps.dir/home/azan/src/lammps/src/EXTRA-COMPUTE/compute_ackland_atom.cpp.o
[ 58%] Building CXX object CMakeFiles/lammps.dir/home/azan/src/lammps/src/EXTRA-COMPUTE/compute_adf.cpp.o
[ 59%] Building CXX object CMakeFiles/lammps.dir/home/azan/src/lammps/src/EXTRA-COMPUTE/compute_ave_sphere_atom.cpp.o
[ 59%] Building CXX object CMakeFiles/lammps.dir/home/azan/src/lammps/src/EXTRA-COMPUTE/compute_basal_atom.cpp.o
[ 59%] Building CXX object CMakeFiles/lammps.dir/home/azan/src/lammps/src/EXTRA-COMPUTE/compute_born_matrix.cpp.o
[ 59%] Building CXX object CMakeFiles/lammps.dir/home/azan/src/lammps/src/EXTRA-COMPUTE/compute_composition_atom.cpp.o
[ 59%] Building CXX object CMakeFiles/lammps.dir/home/azan/src/lammps/src/EXTRA-COMPUTE/compute_cnp_atom.cpp.o
[ 59%] Building CXX object CMakeFiles/lammps.dir/home/azan/src/lammps/src/EXTRA-COMPUTE/compute_dipole_tip4p.cpp.o
[ 59%] Building CXX object CMakeFiles/lammps.dir/home/azan/src/lammps/src/EXTRA-COMPUTE/compute_dipole_tip4p_chunk.cpp.o
[ 60%] Building CXX object CMakeFiles/lammps.dir/home/azan/src/lammps/src/EXTRA-COMPUTE/compute_efield_wolf_atom.cpp.o
[ 60%] Building CXX object CMakeFiles/lammps.dir/home/azan/src/lammps/src/EXTRA-COMPUTE/compute_gyration_shape.cpp.o
[ 60%] Building CXX object CMakeFiles/lammps.dir/home/azan/src/lammps/src/EXTRA-COMPUTE/compute_entropy_atom.cpp.o
[ 60%] Building CXX object CMakeFiles/lammps.dir/home/azan/src/lammps/src/EXTRA-COMPUTE/compute_gyration_shape_chunk.cpp.o
[ 60%] Building CXX object CMakeFiles/lammps.dir/home/azan/src/lammps/src/EXTRA-COMPUTE/compute_hexorder_atom.cpp.o
[ 60%] Building CXX object CMakeFiles/lammps.dir/home/azan/src/lammps/src/EXTRA-COMPUTE/compute_hma.cpp.o
[ 60%] Building CXX object CMakeFiles/lammps.dir/home/azan/src/lammps/src/EXTRA-COMPUTE/compute_momentum.cpp.o
[ 61%] Building CXX object CMakeFiles/lammps.dir/home/azan/src/lammps/src/EXTRA-COMPUTE/compute_msd_nongauss.cpp.o
[ 61%] Building CXX object CMakeFiles/lammps.dir/home/azan/src/lammps/src/EXTRA-COMPUTE/compute_rattlers_atom.cpp.o
[ 61%] Building CXX object CMakeFiles/lammps.dir/home/azan/src/lammps/src/EXTRA-COMPUTE/compute_slcsa_atom.cpp.o
[ 61%] Building CXX object CMakeFiles/lammps.dir/home/azan/src/lammps/src/EXTRA-COMPUTE/compute_stress_cartesian.cpp.o
[ 61%] Building CXX object CMakeFiles/lammps.dir/home/azan/src/lammps/src/EXTRA-COMPUTE/compute_stress_cylinder.cpp.o
[ 61%] Building CXX object CMakeFiles/lammps.dir/home/azan/src/lammps/src/EXTRA-COMPUTE/compute_stress_mop.cpp.o
[ 61%] Building CXX object CMakeFiles/lammps.dir/home/azan/src/lammps/src/EXTRA-COMPUTE/compute_stress_mop_profile.cpp.o
[ 62%] Building CXX object CMakeFiles/lammps.dir/home/azan/src/lammps/src/EXTRA-COMPUTE/compute_stress_spherical.cpp.o
[ 62%] Building CXX object CMakeFiles/lammps.dir/home/azan/src/lammps/src/EXTRA-COMPUTE/compute_temp_rotate.cpp.o
[ 62%] Building CXX object CMakeFiles/lammps.dir/home/azan/src/lammps/src/EXTRA-COMPUTE/compute_ti.cpp.o
[ 62%] Building CXX object CMakeFiles/lammps.dir/home/azan/src/lammps/src/EXTRA-FIX/fix_addtorque.cpp.o
[ 62%] Building CXX object CMakeFiles/lammps.dir/home/azan/src/lammps/src/EXTRA-FIX/fix_ave_correlate_long.cpp.o
[ 62%] Building CXX object CMakeFiles/lammps.dir/home/azan/src/lammps/src/EXTRA-FIX/fix_ave_moments.cpp.o
[ 62%] Building CXX object CMakeFiles/lammps.dir/home/azan/src/lammps/src/EXTRA-FIX/fix_controller.cpp.o
[ 63%] Building CXX object CMakeFiles/lammps.dir/home/azan/src/lammps/src/EXTRA-FIX/fix_deform_pressure.cpp.o
[ 63%] Building CXX object CMakeFiles/lammps.dir/home/azan/src/lammps/src/EXTRA-FIX/fix_drag.cpp.o
[ 63%] Building CXX object CMakeFiles/lammps.dir/home/azan/src/lammps/src/EXTRA-FIX/fix_efield_tip4p.cpp.o
[ 63%] Building CXX object CMakeFiles/lammps.dir/home/azan/src/lammps/src/EXTRA-FIX/fix_electron_stopping.cpp.o
[ 63%] Building CXX object CMakeFiles/lammps.dir/home/azan/src/lammps/src/EXTRA-FIX/fix_electron_stopping_fit.cpp.o
[ 63%] Building CXX object CMakeFiles/lammps.dir/home/azan/src/lammps/src/EXTRA-FIX/fix_ffl.cpp.o
[ 63%] Building CXX object CMakeFiles/lammps.dir/home/azan/src/lammps/src/EXTRA-FIX/fix_filter_corotate.cpp.o
[ 64%] Building CXX object CMakeFiles/lammps.dir/home/azan/src/lammps/src/EXTRA-FIX/fix_flow_gauss.cpp.o
[ 64%] Building CXX object CMakeFiles/lammps.dir/home/azan/src/lammps/src/EXTRA-FIX/fix_gjf.cpp.o
[ 64%] Building CXX object CMakeFiles/lammps.dir/home/azan/src/lammps/src/EXTRA-FIX/fix_gld.cpp.o
[ 64%] Building CXX object CMakeFiles/lammps.dir/home/azan/src/lammps/src/EXTRA-FIX/fix_gle.cpp.o
[ 64%] Building CXX object CMakeFiles/lammps.dir/home/azan/src/lammps/src/EXTRA-FIX/fix_momentum_chunk.cpp.o
[ 64%] Building CXX object CMakeFiles/lammps.dir/home/azan/src/lammps/src/EXTRA-FIX/fix_nonaffine_displacement.cpp.o
[ 64%] Building CXX object CMakeFiles/lammps.dir/home/azan/src/lammps/src/EXTRA-FIX/fix_npt_cauchy.cpp.o
[ 65%] Building CXX object CMakeFiles/lammps.dir/home/azan/src/lammps/src/EXTRA-FIX/fix_numdiff.cpp.o
[ 65%] Building CXX object CMakeFiles/lammps.dir/home/azan/src/lammps/src/EXTRA-FIX/fix_numdiff_virial.cpp.o
[ 65%] Building CXX object CMakeFiles/lammps.dir/home/azan/src/lammps/src/EXTRA-FIX/fix_nvk.cpp.o
[ 65%] Building CXX object CMakeFiles/lammps.dir/home/azan/src/lammps/src/EXTRA-FIX/fix_oneway.cpp.o
[ 65%] Building CXX object CMakeFiles/lammps.dir/home/azan/src/lammps/src/EXTRA-FIX/fix_pafi.cpp.o
[ 65%] Building CXX object CMakeFiles/lammps.dir/home/azan/src/lammps/src/EXTRA-FIX/fix_rhok.cpp.o
[ 65%] Building CXX object CMakeFiles/lammps.dir/home/azan/src/lammps/src/EXTRA-FIX/fix_smd.cpp.o
[ 66%] Building CXX object CMakeFiles/lammps.dir/home/azan/src/lammps/src/EXTRA-FIX/fix_temp_csld.cpp.o
[ 66%] Building CXX object CMakeFiles/lammps.dir/home/azan/src/lammps/src/EXTRA-FIX/fix_spring_rg.cpp.o
[ 66%] Building CXX object CMakeFiles/lammps.dir/home/azan/src/lammps/src/EXTRA-FIX/fix_temp_csvr.cpp.o
[ 66%] Building CXX object CMakeFiles/lammps.dir/home/azan/src/lammps/src/EXTRA-FIX/fix_ti_spring.cpp.o
[ 66%] Building CXX object CMakeFiles/lammps.dir/home/azan/src/lammps/src/EXTRA-FIX/fix_tmd.cpp.o
[ 66%] Building CXX object CMakeFiles/lammps.dir/home/azan/src/lammps/src/EXTRA-FIX/fix_ttm.cpp.o
[ 66%] Building CXX object CMakeFiles/lammps.dir/home/azan/src/lammps/src/EXTRA-FIX/fix_ttm_grid.cpp.o
[ 66%] Building CXX object CMakeFiles/lammps.dir/home/azan/src/lammps/src/EXTRA-FIX/fix_ttm_mod.cpp.o
[ 67%] Building CXX object CMakeFiles/lammps.dir/home/azan/src/lammps/src/EXTRA-FIX/fix_viscosity.cpp.o
[ 67%] Building CXX object CMakeFiles/lammps.dir/home/azan/src/lammps/src/EXTRA-FIX/fix_viscous_sphere.cpp.o
[ 67%] Building CXX object CMakeFiles/lammps.dir/home/azan/src/lammps/src/EXTRA-FIX/fix_wall_ees.cpp.o
[ 67%] Building CXX object CMakeFiles/lammps.dir/home/azan/src/lammps/src/EXTRA-FIX/fix_wall_reflect_stochastic.cpp.o
[ 67%] Building CXX object CMakeFiles/lammps.dir/home/azan/src/lammps/src/EXTRA-FIX/fix_wall_flow.cpp.o
[ 67%] Building CXX object CMakeFiles/lammps.dir/home/azan/src/lammps/src/EXTRA-FIX/fix_wall_region_ees.cpp.o
[ 67%] Building CXX object CMakeFiles/lammps.dir/home/azan/src/lammps/src/EXTRA-PAIR/pair_beck.cpp.o
[ 68%] Building CXX object CMakeFiles/lammps.dir/home/azan/src/lammps/src/EXTRA-PAIR/pair_born_coul_dsf.cpp.o
[ 68%] Building CXX object CMakeFiles/lammps.dir/home/azan/src/lammps/src/EXTRA-PAIR/pair_born_coul_wolf.cpp.o
[ 68%] Building CXX object CMakeFiles/lammps.dir/home/azan/src/lammps/src/EXTRA-PAIR/pair_born_gauss.cpp.o
[ 68%] Building CXX object CMakeFiles/lammps.dir/home/azan/src/lammps/src/EXTRA-PAIR/pair_buck_mdf.cpp.o
[ 68%] Building CXX object CMakeFiles/lammps.dir/home/azan/src/lammps/src/EXTRA-PAIR/pair_cosine_squared.cpp.o
[ 68%] Building CXX object CMakeFiles/lammps.dir/home/azan/src/lammps/src/EXTRA-PAIR/pair_coul_ctip.cpp.o
[ 68%] Building CXX object CMakeFiles/lammps.dir/home/azan/src/lammps/src/EXTRA-PAIR/pair_coul_cut_global.cpp.o
[ 69%] Building CXX object CMakeFiles/lammps.dir/home/azan/src/lammps/src/EXTRA-PAIR/pair_coul_diel.cpp.o
[ 69%] Building CXX object CMakeFiles/lammps.dir/home/azan/src/lammps/src/EXTRA-PAIR/pair_coul_exclude.cpp.o
[ 69%] Building CXX object CMakeFiles/lammps.dir/home/azan/src/lammps/src/EXTRA-PAIR/pair_coul_slater_cut.cpp.o
[ 69%] Building CXX object CMakeFiles/lammps.dir/home/azan/src/lammps/src/EXTRA-PAIR/pair_coul_slater_long.cpp.o
[ 69%] Building CXX object CMakeFiles/lammps.dir/home/azan/src/lammps/src/EXTRA-PAIR/pair_dispersion_d3.cpp.o
[ 69%] Building CXX object CMakeFiles/lammps.dir/home/azan/src/lammps/src/EXTRA-PAIR/pair_e3b.cpp.o
[ 69%] Building CXX object CMakeFiles/lammps.dir/home/azan/src/lammps/src/EXTRA-PAIR/pair_gauss.cpp.o
[ 70%] Building CXX object CMakeFiles/lammps.dir/home/azan/src/lammps/src/EXTRA-PAIR/pair_gauss_cut.cpp.o
[ 70%] Building CXX object CMakeFiles/lammps.dir/home/azan/src/lammps/src/EXTRA-PAIR/pair_harmonic_cut.cpp.o
[ 70%] Building CXX object CMakeFiles/lammps.dir/home/azan/src/lammps/src/EXTRA-PAIR/pair_lennard_mdf.cpp.o
[ 70%] Building CXX object CMakeFiles/lammps.dir/home/azan/src/lammps/src/EXTRA-PAIR/pair_lj_cubic.cpp.o
[ 70%] Building CXX object CMakeFiles/lammps.dir/home/azan/src/lammps/src/EXTRA-PAIR/pair_lj96_cut.cpp.o
[ 70%] Building CXX object CMakeFiles/lammps.dir/home/azan/src/lammps/src/EXTRA-PAIR/pair_lj_cut_coul_debye.cpp.o
[ 70%] Building CXX object CMakeFiles/lammps.dir/home/azan/src/lammps/src/EXTRA-PAIR/pair_lj_cut_coul_dsf.cpp.o
[ 71%] Building CXX object CMakeFiles/lammps.dir/home/azan/src/lammps/src/EXTRA-PAIR/pair_lj_cut_coul_wolf.cpp.o
[ 71%] Building CXX object CMakeFiles/lammps.dir/home/azan/src/lammps/src/EXTRA-PAIR/pair_lj_cut_sphere.cpp.o
[ 71%] Building CXX object CMakeFiles/lammps.dir/home/azan/src/lammps/src/EXTRA-PAIR/pair_lj_expand_coul_long.cpp.o
[ 71%] Building CXX object CMakeFiles/lammps.dir/home/azan/src/lammps/src/EXTRA-PAIR/pair_lj_expand_sphere.cpp.o
[ 71%] Building CXX object CMakeFiles/lammps.dir/home/azan/src/lammps/src/EXTRA-PAIR/pair_lj_gromacs.cpp.o
[ 71%] Building CXX object CMakeFiles/lammps.dir/home/azan/src/lammps/src/EXTRA-PAIR/pair_lj_gromacs_coul_gromacs.cpp.o
[ 71%] Building CXX object CMakeFiles/lammps.dir/home/azan/src/lammps/src/EXTRA-PAIR/pair_lj_mdf.cpp.o
[ 72%] Building CXX object CMakeFiles/lammps.dir/home/azan/src/lammps/src/EXTRA-PAIR/pair_lj_pirani.cpp.o
[ 72%] Building CXX object CMakeFiles/lammps.dir/home/azan/src/lammps/src/EXTRA-PAIR/pair_lj_relres.cpp.o
[ 72%] Building CXX object CMakeFiles/lammps.dir/home/azan/src/lammps/src/EXTRA-PAIR/pair_lj_smooth.cpp.o
[ 72%] Building CXX object CMakeFiles/lammps.dir/home/azan/src/lammps/src/EXTRA-PAIR/pair_lj_smooth_linear.cpp.o
[ 72%] Building CXX object CMakeFiles/lammps.dir/home/azan/src/lammps/src/EXTRA-PAIR/pair_mie_cut.cpp.o
[ 72%] Building CXX object CMakeFiles/lammps.dir/home/azan/src/lammps/src/EXTRA-PAIR/pair_momb.cpp.o
[ 72%] Building CXX object CMakeFiles/lammps.dir/home/azan/src/lammps/src/EXTRA-PAIR/pair_morse_smooth_linear.cpp.o
[ 73%] Building CXX object CMakeFiles/lammps.dir/home/azan/src/lammps/src/EXTRA-PAIR/pair_nm_cut.cpp.o
[ 73%] Building CXX object CMakeFiles/lammps.dir/home/azan/src/lammps/src/EXTRA-PAIR/pair_nm_cut_coul_cut.cpp.o
[ 73%] Building CXX object CMakeFiles/lammps.dir/home/azan/src/lammps/src/EXTRA-PAIR/pair_nm_cut_coul_long.cpp.o
[ 73%] Building CXX object CMakeFiles/lammps.dir/home/azan/src/lammps/src/EXTRA-PAIR/pair_nm_cut_split.cpp.o
[ 73%] Building CXX object CMakeFiles/lammps.dir/home/azan/src/lammps/src/EXTRA-PAIR/pair_pedone.cpp.o
[ 73%] Building CXX object CMakeFiles/lammps.dir/home/azan/src/lammps/src/EXTRA-PAIR/pair_ufm.cpp.o
[ 73%] Building CXX object CMakeFiles/lammps.dir/home/azan/src/lammps/src/EXTRA-PAIR/pair_wf_cut.cpp.o
[ 74%] Building CXX object CMakeFiles/lammps.dir/home/azan/src/lammps/src/KSPACE/ewald.cpp.o
[ 74%] Building CXX object CMakeFiles/lammps.dir/home/azan/src/lammps/src/KSPACE/ewald_dipole.cpp.o
[ 74%] Building CXX object CMakeFiles/lammps.dir/home/azan/src/lammps/src/KSPACE/ewald_dipole_spin.cpp.o
[ 74%] Building CXX object CMakeFiles/lammps.dir/home/azan/src/lammps/src/KSPACE/ewald_disp.cpp.o
[ 74%] Building CXX object CMakeFiles/lammps.dir/home/azan/src/lammps/src/KSPACE/fft3d.cpp.o
[ 74%] Building CXX object CMakeFiles/lammps.dir/home/azan/src/lammps/src/KSPACE/fft3d_wrap.cpp.o
[ 74%] Building CXX object CMakeFiles/lammps.dir/home/azan/src/lammps/src/KSPACE/fix_tune_kspace.cpp.o
[ 74%] Building CXX object CMakeFiles/lammps.dir/home/azan/src/lammps/src/KSPACE/msm.cpp.o
[ 75%] Building CXX object CMakeFiles/lammps.dir/home/azan/src/lammps/src/KSPACE/msm_cg.cpp.o
[ 75%] Building CXX object CMakeFiles/lammps.dir/home/azan/src/lammps/src/KSPACE/pair_born_coul_long.cpp.o
[ 75%] Building CXX object CMakeFiles/lammps.dir/home/azan/src/lammps/src/KSPACE/pair_born_coul_msm.cpp.o
[ 75%] Building CXX object CMakeFiles/lammps.dir/home/azan/src/lammps/src/KSPACE/pair_buck_coul_long.cpp.o
[ 75%] Building CXX object CMakeFiles/lammps.dir/home/azan/src/lammps/src/KSPACE/pair_buck_coul_msm.cpp.o
[ 75%] Building CXX object CMakeFiles/lammps.dir/home/azan/src/lammps/src/KSPACE/pair_buck_long_coul_long.cpp.o
[ 76%] Building CXX object CMakeFiles/lammps.dir/home/azan/src/lammps/src/KSPACE/pair_coul_msm.cpp.o
[ 76%] Building CXX object CMakeFiles/lammps.dir/home/azan/src/lammps/src/KSPACE/pair_coul_long.cpp.o
[ 76%] Building CXX object CMakeFiles/lammps.dir/home/azan/src/lammps/src/KSPACE/pair_coul_streitz.cpp.o
[ 76%] Building CXX object CMakeFiles/lammps.dir/home/azan/src/lammps/src/KSPACE/pair_lj_charmm_coul_long.cpp.o
[ 76%] Building CXX object CMakeFiles/lammps.dir/home/azan/src/lammps/src/KSPACE/pair_lj_charmm_coul_msm.cpp.o
[ 76%] Building CXX object CMakeFiles/lammps.dir/home/azan/src/lammps/src/KSPACE/pair_lj_charmmfsw_coul_long.cpp.o
[ 76%] Building CXX object CMakeFiles/lammps.dir/home/azan/src/lammps/src/KSPACE/pair_lj_cut_coul_long.cpp.o
[ 76%] Building CXX object CMakeFiles/lammps.dir/home/azan/src/lammps/src/KSPACE/pair_lj_cut_coul_msm.cpp.o
[ 77%] Building CXX object CMakeFiles/lammps.dir/home/azan/src/lammps/src/KSPACE/pair_lj_cut_tip4p_long.cpp.o
[ 77%] Building CXX object CMakeFiles/lammps.dir/home/azan/src/lammps/src/KSPACE/pair_lj_long_coul_long.cpp.o
[ 77%] Building CXX object CMakeFiles/lammps.dir/home/azan/src/lammps/src/KSPACE/pair_lj_long_tip4p_long.cpp.o
[ 77%] Building CXX object CMakeFiles/lammps.dir/home/azan/src/lammps/src/KSPACE/pair_tip4p_long.cpp.o
[ 77%] Building CXX object CMakeFiles/lammps.dir/home/azan/src/lammps/src/KSPACE/pppm.cpp.o
[ 77%] Building CXX object CMakeFiles/lammps.dir/home/azan/src/lammps/src/KSPACE/pppm_cg.cpp.o
[ 77%] Building CXX object CMakeFiles/lammps.dir/home/azan/src/lammps/src/KSPACE/pppm_dipole.cpp.o
[ 78%] Building CXX object CMakeFiles/lammps.dir/home/azan/src/lammps/src/KSPACE/pppm_dipole_spin.cpp.o
[ 78%] Building CXX object CMakeFiles/lammps.dir/home/azan/src/lammps/src/KSPACE/pppm_disp.cpp.o
[ 78%] Building CXX object CMakeFiles/lammps.dir/home/azan/src/lammps/src/KSPACE/pppm_disp_tip4p.cpp.o
[ 78%] Building CXX object CMakeFiles/lammps.dir/home/azan/src/lammps/src/KSPACE/pppm_stagger.cpp.o
[ 78%] Building CXX object CMakeFiles/lammps.dir/home/azan/src/lammps/src/KSPACE/pppm_tip4p.cpp.o
[ 78%] Building CXX object CMakeFiles/lammps.dir/home/azan/src/lammps/src/KSPACE/remap.cpp.o
[ 78%] Building CXX object CMakeFiles/lammps.dir/home/azan/src/lammps/src/KSPACE/remap_wrap.cpp.o
[ 79%] Building CXX object CMakeFiles/lammps.dir/home/azan/src/lammps/src/MANYBODY/fix_qeq_comb.cpp.o
[ 79%] Building CXX object CMakeFiles/lammps.dir/home/azan/src/lammps/src/MANYBODY/pair_adp.cpp.o
[ 79%] Building CXX object CMakeFiles/lammps.dir/home/azan/src/lammps/src/MANYBODY/pair_airebo.cpp.o
[ 79%] Building CXX object CMakeFiles/lammps.dir/home/azan/src/lammps/src/MANYBODY/pair_airebo_morse.cpp.o
[ 79%] Building CXX object CMakeFiles/lammps.dir/home/azan/src/lammps/src/MANYBODY/pair_atm.cpp.o
[ 79%] Building CXX object CMakeFiles/lammps.dir/home/azan/src/lammps/src/MANYBODY/pair_bop.cpp.o
[ 79%] Building CXX object CMakeFiles/lammps.dir/home/azan/src/lammps/src/MANYBODY/pair_comb.cpp.o
[ 80%] Building CXX object CMakeFiles/lammps.dir/home/azan/src/lammps/src/MANYBODY/pair_comb3.cpp.o
[ 80%] Building CXX object CMakeFiles/lammps.dir/home/azan/src/lammps/src/MANYBODY/pair_eam.cpp.o
[ 80%] Building CXX object CMakeFiles/lammps.dir/home/azan/src/lammps/src/MANYBODY/pair_eam_alloy.cpp.o
[ 80%] Building CXX object CMakeFiles/lammps.dir/home/azan/src/lammps/src/MANYBODY/pair_eam_cd.cpp.o
[ 80%] Building CXX object CMakeFiles/lammps.dir/home/azan/src/lammps/src/MANYBODY/pair_eam_fs.cpp.o
[ 80%] Building CXX object CMakeFiles/lammps.dir/home/azan/src/lammps/src/MANYBODY/pair_eam_he.cpp.o
[ 80%] Building CXX object CMakeFiles/lammps.dir/home/azan/src/lammps/src/MANYBODY/pair_edip.cpp.o
[ 81%] Building CXX object CMakeFiles/lammps.dir/home/azan/src/lammps/src/MANYBODY/pair_edip_multi.cpp.o
[ 81%] Building CXX object CMakeFiles/lammps.dir/home/azan/src/lammps/src/MANYBODY/pair_eim.cpp.o
[ 81%] Building CXX object CMakeFiles/lammps.dir/home/azan/src/lammps/src/MANYBODY/pair_extep.cpp.o
[ 81%] Building CXX object CMakeFiles/lammps.dir/home/azan/src/lammps/src/MANYBODY/pair_gw.cpp.o
[ 81%] Building CXX object CMakeFiles/lammps.dir/home/azan/src/lammps/src/MANYBODY/pair_gw_zbl.cpp.o
[ 81%] Building CXX object CMakeFiles/lammps.dir/home/azan/src/lammps/src/MANYBODY/pair_lcbop.cpp.o
[ 81%] Building CXX object CMakeFiles/lammps.dir/home/azan/src/lammps/src/MANYBODY/pair_local_density.cpp.o
[ 82%] Building CXX object CMakeFiles/lammps.dir/home/azan/src/lammps/src/MANYBODY/pair_meam_spline.cpp.o
[ 82%] Building CXX object CMakeFiles/lammps.dir/home/azan/src/lammps/src/MANYBODY/pair_meam_sw_spline.cpp.o
[ 82%] Building CXX object CMakeFiles/lammps.dir/home/azan/src/lammps/src/MANYBODY/pair_nb3b_harmonic.cpp.o
[ 82%] Building CXX object CMakeFiles/lammps.dir/home/azan/src/lammps/src/MANYBODY/pair_nb3b_screened.cpp.o
[ 82%] Building CXX object CMakeFiles/lammps.dir/home/azan/src/lammps/src/MANYBODY/pair_polymorphic.cpp.o
[ 82%] Building CXX object CMakeFiles/lammps.dir/home/azan/src/lammps/src/MANYBODY/pair_rebo.cpp.o
[ 82%] Building CXX object CMakeFiles/lammps.dir/home/azan/src/lammps/src/MANYBODY/pair_rebomos.cpp.o
[ 83%] Building CXX object CMakeFiles/lammps.dir/home/azan/src/lammps/src/MANYBODY/pair_sw.cpp.o
[ 83%] Building CXX object CMakeFiles/lammps.dir/home/azan/src/lammps/src/MANYBODY/pair_sw_angle_table.cpp.o
[ 83%] Building CXX object CMakeFiles/lammps.dir/home/azan/src/lammps/src/MANYBODY/pair_sw_mod.cpp.o
[ 83%] Building CXX object CMakeFiles/lammps.dir/home/azan/src/lammps/src/MANYBODY/pair_tersoff.cpp.o
[ 83%] Building CXX object CMakeFiles/lammps.dir/home/azan/src/lammps/src/MANYBODY/pair_tersoff_mod.cpp.o
[ 83%] Building CXX object CMakeFiles/lammps.dir/home/azan/src/lammps/src/MANYBODY/pair_tersoff_mod_c.cpp.o
[ 83%] Building CXX object CMakeFiles/lammps.dir/home/azan/src/lammps/src/MANYBODY/pair_tersoff_table.cpp.o
[ 83%] Building CXX object CMakeFiles/lammps.dir/home/azan/src/lammps/src/MANYBODY/pair_tersoff_zbl.cpp.o
[ 84%] Building CXX object CMakeFiles/lammps.dir/home/azan/src/lammps/src/MANYBODY/pair_threebody_table.cpp.o
[ 84%] Building CXX object CMakeFiles/lammps.dir/home/azan/src/lammps/src/MANYBODY/pair_vashishta.cpp.o
[ 84%] Building CXX object CMakeFiles/lammps.dir/home/azan/src/lammps/src/MANYBODY/pair_vashishta_table.cpp.o
[ 84%] Building CXX object CMakeFiles/lammps.dir/home/azan/src/lammps/src/MC/fix_atom_swap.cpp.o
[ 84%] Building CXX object CMakeFiles/lammps.dir/home/azan/src/lammps/src/MC/fix_bond_break.cpp.o
[ 84%] Building CXX object CMakeFiles/lammps.dir/home/azan/src/lammps/src/MC/fix_bond_create.cpp.o
[ 84%] Building CXX object CMakeFiles/lammps.dir/home/azan/src/lammps/src/MC/fix_bond_create_angle.cpp.o
[ 85%] Building CXX object CMakeFiles/lammps.dir/home/azan/src/lammps/src/MC/fix_bond_swap.cpp.o
[ 85%] Building CXX object CMakeFiles/lammps.dir/home/azan/src/lammps/src/MC/fix_charge_regulation.cpp.o
[ 85%] Building CXX object CMakeFiles/lammps.dir/home/azan/src/lammps/src/MC/fix_gcmc.cpp.o
[ 85%] Building CXX object CMakeFiles/lammps.dir/home/azan/src/lammps/src/MC/fix_hmc.cpp.o
[ 85%] Building CXX object CMakeFiles/lammps.dir/home/azan/src/lammps/src/MC/fix_mol_swap.cpp.o
[ 85%] Building CXX object CMakeFiles/lammps.dir/home/azan/src/lammps/src/MC/fix_sgcmc.cpp.o
[ 85%] Building CXX object CMakeFiles/lammps.dir/home/azan/src/lammps/src/MC/fix_tfmc.cpp.o
[ 85%] Building CXX object CMakeFiles/lammps.dir/home/azan/src/lammps/src/MC/pair_dsmc.cpp.o
[ 86%] Building CXX object CMakeFiles/lammps.dir/home/azan/src/lammps/src/MC/fix_widom.cpp.o
[ 86%] Building CXX object CMakeFiles/lammps.dir/home/azan/src/lammps/src/MISC/bond_special.cpp.o
[ 86%] Building CXX object CMakeFiles/lammps.dir/home/azan/src/lammps/src/MISC/compute_viscosity_cos.cpp.o
[ 86%] Building CXX object CMakeFiles/lammps.dir/home/azan/src/lammps/src/MISC/fix_accelerate_cos.cpp.o
[ 86%] Building CXX object CMakeFiles/lammps.dir/home/azan/src/lammps/src/MISC/fix_imd.cpp.o
[ 86%] Building CXX object CMakeFiles/lammps.dir/home/azan/src/lammps/src/MISC/fix_ipi.cpp.o
[ 87%] Building CXX object CMakeFiles/lammps.dir/home/azan/src/lammps/src/MISC/fix_srp_react.cpp.o
[ 87%] Building CXX object CMakeFiles/lammps.dir/home/azan/src/lammps/src/MISC/fix_srp.cpp.o
[ 87%] Building CXX object CMakeFiles/lammps.dir/home/azan/src/lammps/src/MISC/pair_agni.cpp.o
[ 87%] Building CXX object CMakeFiles/lammps.dir/home/azan/src/lammps/src/MISC/pair_list.cpp.o
[ 87%] Building CXX object CMakeFiles/lammps.dir/home/azan/src/lammps/src/MISC/pair_srp.cpp.o
[ 87%] Building CXX object CMakeFiles/lammps.dir/home/azan/src/lammps/src/MISC/pair_srp_react.cpp.o
[ 87%] Building CXX object CMakeFiles/lammps.dir/home/azan/src/lammps/src/MISC/pair_tracker.cpp.o
[ 88%] Building CXX object CMakeFiles/lammps.dir/home/azan/src/lammps/src/MOLECULE/angle_charmm.cpp.o
[ 88%] Building CXX object CMakeFiles/lammps.dir/home/azan/src/lammps/src/MOLECULE/angle_cosine.cpp.o
[ 88%] Building CXX object CMakeFiles/lammps.dir/home/azan/src/lammps/src/MOLECULE/angle_cosine_squared.cpp.o
[ 88%] Building CXX object CMakeFiles/lammps.dir/home/azan/src/lammps/src/MOLECULE/angle_harmonic.cpp.o
[ 88%] Building CXX object CMakeFiles/lammps.dir/home/azan/src/lammps/src/MOLECULE/angle_table.cpp.o
[ 88%] Building CXX object CMakeFiles/lammps.dir/home/azan/src/lammps/src/MOLECULE/atom_vec_angle.cpp.o
[ 88%] Building CXX object CMakeFiles/lammps.dir/home/azan/src/lammps/src/MOLECULE/atom_vec_bond.cpp.o
[ 89%] Building CXX object CMakeFiles/lammps.dir/home/azan/src/lammps/src/MOLECULE/atom_vec_full.cpp.o
[ 89%] Building CXX object CMakeFiles/lammps.dir/home/azan/src/lammps/src/MOLECULE/atom_vec_molecular.cpp.o
[ 89%] Building CXX object CMakeFiles/lammps.dir/home/azan/src/lammps/src/MOLECULE/atom_vec_template.cpp.o
[ 89%] Building CXX object CMakeFiles/lammps.dir/home/azan/src/lammps/src/MOLECULE/bond_fene.cpp.o
[ 89%] Building CXX object CMakeFiles/lammps.dir/home/azan/src/lammps/src/MOLECULE/bond_fene_expand.cpp.o
[ 89%] Building CXX object CMakeFiles/lammps.dir/home/azan/src/lammps/src/MOLECULE/bond_gromos.cpp.o
[ 89%] Building CXX object CMakeFiles/lammps.dir/home/azan/src/lammps/src/MOLECULE/bond_harmonic.cpp.o
[ 90%] Building CXX object CMakeFiles/lammps.dir/home/azan/src/lammps/src/MOLECULE/bond_morse.cpp.o
[ 90%] Building CXX object CMakeFiles/lammps.dir/home/azan/src/lammps/src/MOLECULE/bond_quartic.cpp.o
[ 90%] Building CXX object CMakeFiles/lammps.dir/home/azan/src/lammps/src/MOLECULE/bond_table.cpp.o
[ 90%] Building CXX object CMakeFiles/lammps.dir/home/azan/src/lammps/src/MOLECULE/dihedral_charmm.cpp.o
[ 90%] Building CXX object CMakeFiles/lammps.dir/home/azan/src/lammps/src/MOLECULE/dihedral_charmmfsw.cpp.o
[ 90%] Building CXX object CMakeFiles/lammps.dir/home/azan/src/lammps/src/MOLECULE/dihedral_harmonic.cpp.o
[ 90%] Building CXX object CMakeFiles/lammps.dir/home/azan/src/lammps/src/MOLECULE/dihedral_multi_harmonic.cpp.o
[ 91%] Building CXX object CMakeFiles/lammps.dir/home/azan/src/lammps/src/MOLECULE/dihedral_opls.cpp.o
[ 91%] Building CXX object CMakeFiles/lammps.dir/home/azan/src/lammps/src/MOLECULE/dihedral_table.cpp.o
[ 91%] Building CXX object CMakeFiles/lammps.dir/home/azan/src/lammps/src/MOLECULE/fix_cmap.cpp.o
[ 91%] Building CXX object CMakeFiles/lammps.dir/home/azan/src/lammps/src/MOLECULE/improper_cvff.cpp.o
[ 91%] Building CXX object CMakeFiles/lammps.dir/home/azan/src/lammps/src/MOLECULE/improper_harmonic.cpp.o
[ 91%] Building CXX object CMakeFiles/lammps.dir/home/azan/src/lammps/src/MOLECULE/improper_umbrella.cpp.o
[ 91%] Building CXX object CMakeFiles/lammps.dir/home/azan/src/lammps/src/MOLECULE/pair_hbond_dreiding_lj.cpp.o
[ 92%] Building CXX object CMakeFiles/lammps.dir/home/azan/src/lammps/src/MOLECULE/pair_hbond_dreiding_morse.cpp.o
[ 92%] Building CXX object CMakeFiles/lammps.dir/home/azan/src/lammps/src/MOLECULE/pair_lj_charmm_coul_charmm.cpp.o
[ 92%] Building CXX object CMakeFiles/lammps.dir/home/azan/src/lammps/src/MOLECULE/pair_lj_charmm_coul_charmm_implicit.cpp.o
[ 92%] Building CXX object CMakeFiles/lammps.dir/home/azan/src/lammps/src/MOLECULE/pair_lj_charmmfsw_coul_charmmfsh.cpp.o
[ 92%] Building CXX object CMakeFiles/lammps.dir/home/azan/src/lammps/src/MOLECULE/pair_lj_cut_tip4p_cut.cpp.o
[ 92%] Building CXX object CMakeFiles/lammps.dir/home/azan/src/lammps/src/MOLECULE/pair_tip4p_cut.cpp.o
[ 92%] Building CXX object CMakeFiles/lammps.dir/home/azan/src/lammps/src/REPLICA/bosonic_exchange.cpp.o
[ 92%] Building CXX object CMakeFiles/lammps.dir/home/azan/src/lammps/src/REPLICA/compute_event_displace.cpp.o
[ 93%] Building CXX object CMakeFiles/lammps.dir/home/azan/src/lammps/src/REPLICA/compute_pressure_alchemy.cpp.o
[ 93%] Building CXX object CMakeFiles/lammps.dir/home/azan/src/lammps/src/REPLICA/compute_pressure_grem.cpp.o
[ 93%] Building CXX object CMakeFiles/lammps.dir/home/azan/src/lammps/src/REPLICA/fix_alchemy.cpp.o
[ 93%] Building CXX object CMakeFiles/lammps.dir/home/azan/src/lammps/src/REPLICA/fix_event.cpp.o
[ 93%] Building CXX object CMakeFiles/lammps.dir/home/azan/src/lammps/src/REPLICA/fix_event_hyper.cpp.o
[ 93%] Building CXX object CMakeFiles/lammps.dir/home/azan/src/lammps/src/REPLICA/fix_event_prd.cpp.o
[ 93%] Building CXX object CMakeFiles/lammps.dir/home/azan/src/lammps/src/REPLICA/fix_event_tad.cpp.o
[ 94%] Building CXX object CMakeFiles/lammps.dir/home/azan/src/lammps/src/REPLICA/fix_grem.cpp.o
[ 94%] Building CXX object CMakeFiles/lammps.dir/home/azan/src/lammps/src/REPLICA/fix_hyper.cpp.o
[ 94%] Building CXX object CMakeFiles/lammps.dir/home/azan/src/lammps/src/REPLICA/fix_hyper_global.cpp.o
[ 94%] Building CXX object CMakeFiles/lammps.dir/home/azan/src/lammps/src/REPLICA/fix_hyper_local.cpp.o
[ 94%] Building CXX object CMakeFiles/lammps.dir/home/azan/src/lammps/src/REPLICA/fix_neb.cpp.o
[ 94%] Building CXX object CMakeFiles/lammps.dir/home/azan/src/lammps/src/REPLICA/fix_pimd_langevin.cpp.o
[ 94%] Building CXX object CMakeFiles/lammps.dir/home/azan/src/lammps/src/REPLICA/fix_pimd_langevin_bosonic.cpp.o
[ 95%] Building CXX object CMakeFiles/lammps.dir/home/azan/src/lammps/src/REPLICA/fix_pimd_nvt.cpp.o
[ 95%] Building CXX object CMakeFiles/lammps.dir/home/azan/src/lammps/src/REPLICA/fix_pimd_nvt_bosonic.cpp.o
[ 95%] Building CXX object CMakeFiles/lammps.dir/home/azan/src/lammps/src/REPLICA/hyper.cpp.o
[ 95%] Building CXX object CMakeFiles/lammps.dir/home/azan/src/lammps/src/REPLICA/neb.cpp.o
[ 95%] Building CXX object CMakeFiles/lammps.dir/home/azan/src/lammps/src/REPLICA/prd.cpp.o
[ 95%] Building CXX object CMakeFiles/lammps.dir/home/azan/src/lammps/src/REPLICA/tad.cpp.o
[ 95%] Building CXX object CMakeFiles/lammps.dir/home/azan/src/lammps/src/REPLICA/temper.cpp.o
[ 96%] Building CXX object CMakeFiles/lammps.dir/home/azan/src/lammps/src/REPLICA/temper_grem.cpp.o
[ 96%] Building CXX object CMakeFiles/lammps.dir/home/azan/src/lammps/src/REPLICA/temper_npt.cpp.o
[ 96%] Building CXX object CMakeFiles/lammps.dir/home/azan/src/lammps/src/REPLICA/verlet_split.cpp.o
[ 96%] Building CXX object CMakeFiles/lammps.dir/home/azan/src/lammps/src/RIGID/compute_erotate_rigid.cpp.o
[ 96%] Building CXX object CMakeFiles/lammps.dir/home/azan/src/lammps/src/RIGID/compute_ke_rigid.cpp.o
[ 96%] Building CXX object CMakeFiles/lammps.dir/home/azan/src/lammps/src/RIGID/compute_rigid_local.cpp.o
[ 96%] Building CXX object CMakeFiles/lammps.dir/home/azan/src/lammps/src/RIGID/fix_ehex.cpp.o
[ 97%] Building CXX object CMakeFiles/lammps.dir/home/azan/src/lammps/src/RIGID/fix_rattle.cpp.o
[ 97%] Building CXX object CMakeFiles/lammps.dir/home/azan/src/lammps/src/RIGID/fix_rigid.cpp.o
[ 97%] Building CXX object CMakeFiles/lammps.dir/home/azan/src/lammps/src/RIGID/fix_rigid_nh.cpp.o
[ 97%] Building CXX object CMakeFiles/lammps.dir/home/azan/src/lammps/src/RIGID/fix_rigid_nh_small.cpp.o
[ 97%] Building CXX object CMakeFiles/lammps.dir/home/azan/src/lammps/src/RIGID/fix_rigid_nph.cpp.o
[ 97%] Building CXX object CMakeFiles/lammps.dir/home/azan/src/lammps/src/RIGID/fix_rigid_nph_small.cpp.o
[ 97%] Building CXX object CMakeFiles/lammps.dir/home/azan/src/lammps/src/RIGID/fix_rigid_npt.cpp.o
[ 98%] Building CXX object CMakeFiles/lammps.dir/home/azan/src/lammps/src/RIGID/fix_rigid_nve.cpp.o
[ 98%] Building CXX object CMakeFiles/lammps.dir/home/azan/src/lammps/src/RIGID/fix_rigid_npt_small.cpp.o
[ 98%] Building CXX object CMakeFiles/lammps.dir/home/azan/src/lammps/src/RIGID/fix_rigid_nve_small.cpp.o
[ 98%] Building CXX object CMakeFiles/lammps.dir/home/azan/src/lammps/src/RIGID/fix_rigid_nvt.cpp.o
[ 98%] Building CXX object CMakeFiles/lammps.dir/home/azan/src/lammps/src/RIGID/fix_rigid_nvt_small.cpp.o
[ 98%] Building CXX object CMakeFiles/lammps.dir/home/azan/src/lammps/src/RIGID/fix_rigid_small.cpp.o
[ 98%] Building CXX object CMakeFiles/lammps.dir/home/azan/src/lammps/src/RIGID/fix_shake.cpp.o
[100%] Linking CXX static library liblammps.a
[100%] Built target lammps
[100%] Building CXX object CMakeFiles/lmp.dir/home/azan/src/lammps/src/main.cpp.o
[100%] Linking CXX executable lmp
[100%] Built target lmp
-- Install configuration: "Release"
-- Installing: /home/azan/.local/bin/lmp
-- Set runtime path of "/home/azan/.local/bin/lmp" to ""
-- Installing: /home/azan/.local/share/man/man1/lmp.1
-- Installing: /home/azan/.local/share/lammps/bench
-- Installing: /home/azan/.local/share/lammps/bench/in.chute
-- Installing: /home/azan/.local/share/lammps/bench/log.15Jul25.chute.scaled.g++.4
-- Installing: /home/azan/.local/share/lammps/bench/log.15Jul25.eam.scaled.g++.4
-- Installing: /home/azan/.local/share/lammps/bench/data.rhodo
-- Installing: /home/azan/.local/share/lammps/bench/log.15Jul25.chain.fixed.g++.4
-- Installing: /home/azan/.local/share/lammps/bench/log.15Jul25.lj.scaled.g++.4
-- Installing: /home/azan/.local/share/lammps/bench/log.15Jul25.chain.fixed.g++.1
-- Installing: /home/azan/.local/share/lammps/bench/log.15Jul25.rhodo.fixed.g++.4
-- Installing: /home/azan/.local/share/lammps/bench/log.15Jul25.rhodo.fixed.g++.1
-- Installing: /home/azan/.local/share/lammps/bench/in.lj
-- Installing: /home/azan/.local/share/lammps/bench/Cu_u3.eam
-- Installing: /home/azan/.local/share/lammps/bench/log.15Jul25.chain.scaled.g++.4
-- Installing: /home/azan/.local/share/lammps/bench/in.eam
-- Installing: /home/azan/.local/share/lammps/bench/log.15Jul25.eam.fixed.g++.4
-- Installing: /home/azan/.local/share/lammps/bench/log.15Jul25.rhodo.scaled.g++.4
-- Installing: /home/azan/.local/share/lammps/bench/POTENTIALS
-- Installing: /home/azan/.local/share/lammps/bench/POTENTIALS/in.dpd
-- Installing: /home/azan/.local/share/lammps/bench/POTENTIALS/log.9Oct20.bop.4
-- Installing: /home/azan/.local/share/lammps/bench/POTENTIALS/ffield.eim
-- Installing: /home/azan/.local/share/lammps/bench/POTENTIALS/log.9Oct20.eim.1
-- Installing: /home/azan/.local/share/lammps/bench/POTENTIALS/log.9Oct20.spce.4
-- Installing: /home/azan/.local/share/lammps/bench/POTENTIALS/log.9Oct20.dpd.4
-- Installing: /home/azan/.local/share/lammps/bench/POTENTIALS/in.rebo
-- Installing: /home/azan/.local/share/lammps/bench/POTENTIALS/log.9Oct20.rebo.4
-- Installing: /home/azan/.local/share/lammps/bench/POTENTIALS/log.9Oct20.gb.1
-- Installing: /home/azan/.local/share/lammps/bench/POTENTIALS/log.9Oct20.fene.1
-- Installing: /home/azan/.local/share/lammps/bench/POTENTIALS/log.9Oct20.reaxc.4
-- Installing: /home/azan/.local/share/lammps/bench/POTENTIALS/log.9Oct20.fene.4
-- Installing: /home/azan/.local/share/lammps/bench/POTENTIALS/in.eim
-- Installing: /home/azan/.local/share/lammps/bench/POTENTIALS/in.peri
-- Installing: /home/azan/.local/share/lammps/bench/POTENTIALS/ffield.comb
-- Installing: /home/azan/.local/share/lammps/bench/POTENTIALS/log.9Oct20.peri.1
-- Installing: /home/azan/.local/share/lammps/bench/POTENTIALS/log.9Oct20.meam.4
-- Installing: /home/azan/.local/share/lammps/bench/POTENTIALS/CH.airebo
-- Installing: /home/azan/.local/share/lammps/bench/POTENTIALS/in.granular
-- Installing: /home/azan/.local/share/lammps/bench/POTENTIALS/data.comb
-- Installing: /home/azan/.local/share/lammps/bench/POTENTIALS/data.eff
-- Installing: /home/azan/.local/share/lammps/bench/POTENTIALS/in.comb
-- Installing: /home/azan/.local/share/lammps/bench/POTENTIALS/Si.sw
-- Installing: /home/azan/.local/share/lammps/bench/POTENTIALS/log.9Oct20.lj.4
-- Installing: /home/azan/.local/share/lammps/bench/POTENTIALS/log.9Oct20.eff.4
-- Installing: /home/azan/.local/share/lammps/bench/POTENTIALS/log.9Oct20.bop.1
-- Installing: /home/azan/.local/share/lammps/bench/POTENTIALS/in.adp
-- Installing: /home/azan/.local/share/lammps/bench/POTENTIALS/log.9Oct20.eam.1
-- Installing: /home/azan/.local/share/lammps/bench/POTENTIALS/log.9Oct20.adp.4
-- Installing: /home/azan/.local/share/lammps/bench/POTENTIALS/data.spce
-- Installing: /home/azan/.local/share/lammps/bench/POTENTIALS/log.9Oct20.granular.4
-- Installing: /home/azan/.local/share/lammps/bench/POTENTIALS/in.lj
-- Installing: /home/azan/.local/share/lammps/bench/POTENTIALS/in.protein
-- Installing: /home/azan/.local/share/lammps/bench/POTENTIALS/log.9Oct20.lj.1
-- Installing: /home/azan/.local/share/lammps/bench/POTENTIALS/Cu_u3.eam
-- Installing: /home/azan/.local/share/lammps/bench/POTENTIALS/log.9Oct20.protein.1
-- Installing: /home/azan/.local/share/lammps/bench/POTENTIALS/Ni.meam
-- Installing: /home/azan/.local/share/lammps/bench/POTENTIALS/data.gb
-- Installing: /home/azan/.local/share/lammps/bench/POTENTIALS/log.9Oct20.gb.4
-- Installing: /home/azan/.local/share/lammps/bench/POTENTIALS/in.eam
-- Installing: /home/azan/.local/share/lammps/bench/POTENTIALS/in.reaxc
-- Installing: /home/azan/.local/share/lammps/bench/POTENTIALS/log.9Oct20.tersoff.1
-- Installing: /home/azan/.local/share/lammps/bench/POTENTIALS/log.9Oct20.airebo.1
-- Installing: /home/azan/.local/share/lammps/bench/POTENTIALS/in.sw
-- Installing: /home/azan/.local/share/lammps/bench/POTENTIALS/log.9Oct20.comb.4
-- Installing: /home/azan/.local/share/lammps/bench/POTENTIALS/log.9Oct20.reaxc.1
-- Installing: /home/azan/.local/share/lammps/bench/POTENTIALS/log.9Oct20.eff.1
-- Installing: /home/azan/.local/share/lammps/bench/POTENTIALS/CdTe.bop.table
-- Installing: /home/azan/.local/share/lammps/bench/POTENTIALS/in.gb
-- Installing: /home/azan/.local/share/lammps/bench/POTENTIALS/log.9Oct20.comb.1
-- Installing: /home/azan/.local/share/lammps/bench/POTENTIALS/in.meam
-- Installing: /home/azan/.local/share/lammps/bench/POTENTIALS/log.9Oct20.eam.4
-- Installing: /home/azan/.local/share/lammps/bench/POTENTIALS/log.9Oct20.protein.4
-- Installing: /home/azan/.local/share/lammps/bench/POTENTIALS/data.airebo
-- Installing: /home/azan/.local/share/lammps/bench/POTENTIALS/library.meam
-- Installing: /home/azan/.local/share/lammps/bench/POTENTIALS/in.eff
-- Installing: /home/azan/.local/share/lammps/bench/POTENTIALS/data.protein
-- Installing: /home/azan/.local/share/lammps/bench/POTENTIALS/log.9Oct20.sw.1
-- Installing: /home/azan/.local/share/lammps/bench/POTENTIALS/log.9Oct20.airebo.4
-- Installing: /home/azan/.local/share/lammps/bench/POTENTIALS/log.9Oct20.meam.1
-- Installing: /home/azan/.local/share/lammps/bench/POTENTIALS/data.rebo
-- Installing: /home/azan/.local/share/lammps/bench/POTENTIALS/in.airebo
-- Installing: /home/azan/.local/share/lammps/bench/POTENTIALS/log.9Oct20.spce.1
-- Installing: /home/azan/.local/share/lammps/bench/POTENTIALS/log.9Oct20.rebo.1
-- Installing: /home/azan/.local/share/lammps/bench/POTENTIALS/Ni.adp
-- Installing: /home/azan/.local/share/lammps/bench/POTENTIALS/in.bop
-- Installing: /home/azan/.local/share/lammps/bench/POTENTIALS/ffield.reax
-- Installing: /home/azan/.local/share/lammps/bench/POTENTIALS/in.spce
-- Installing: /home/azan/.local/share/lammps/bench/POTENTIALS/data.fene
-- Installing: /home/azan/.local/share/lammps/bench/POTENTIALS/data.reax
-- Installing: /home/azan/.local/share/lammps/bench/POTENTIALS/log.9Oct20.sw.4
-- Installing: /home/azan/.local/share/lammps/bench/POTENTIALS/data.granular
-- Installing: /home/azan/.local/share/lammps/bench/POTENTIALS/log.9Oct20.dpd.1
-- Installing: /home/azan/.local/share/lammps/bench/POTENTIALS/Si.tersoff
-- Installing: /home/azan/.local/share/lammps/bench/POTENTIALS/CH.rebo
-- Installing: /home/azan/.local/share/lammps/bench/POTENTIALS/in.fene
-- Installing: /home/azan/.local/share/lammps/bench/POTENTIALS/README
-- Installing: /home/azan/.local/share/lammps/bench/POTENTIALS/log.9Oct20.granular.1
-- Installing: /home/azan/.local/share/lammps/bench/POTENTIALS/log.9Oct20.tersoff.4
-- Installing: /home/azan/.local/share/lammps/bench/POTENTIALS/log.9Oct20.adp.1
-- Installing: /home/azan/.local/share/lammps/bench/POTENTIALS/in.tersoff
-- Installing: /home/azan/.local/share/lammps/bench/POTENTIALS/log.9Oct20.eim.4
-- Installing: /home/azan/.local/share/lammps/bench/POTENTIALS/log.9Oct20.peri.4
-- Installing: /home/azan/.local/share/lammps/bench/POTENTIALS/data.eim
-- Installing: /home/azan/.local/share/lammps/bench/in.chain.scaled
-- Installing: /home/azan/.local/share/lammps/bench/data.chain
-- Installing: /home/azan/.local/share/lammps/bench/log.15Jul25.chute.fixed.g++.1
-- Installing: /home/azan/.local/share/lammps/bench/in.chute.scaled
-- Installing: /home/azan/.local/share/lammps/bench/log.15Jul25.chute.fixed.g++.4
-- Installing: /home/azan/.local/share/lammps/bench/log.15Jul25.lj.fixed.g++.4
-- Installing: /home/azan/.local/share/lammps/bench/in.chain
-- Installing: /home/azan/.local/share/lammps/bench/in.rhodo
-- Installing: /home/azan/.local/share/lammps/bench/data.chute
-- Installing: /home/azan/.local/share/lammps/bench/in.rhodo.scaled
-- Installing: /home/azan/.local/share/lammps/bench/log.15Jul25.eam.fixed.g++.1
-- Installing: /home/azan/.local/share/lammps/bench/log.15Jul25.lj.fixed.g++.1
-- Installing: /home/azan/.local/share/lammps/bench/README
-- Installing: /home/azan/.local/share/lammps/potentials
-- Installing: /home/azan/.local/share/lammps/potentials/W_2940_2017_2.snap
-- Installing: /home/azan/.local/share/lammps/potentials/Pt_Chapman_2020.agni
-- Installing: /home/azan/.local/share/lammps/potentials/ffield.eim
-- Installing: /home/azan/.local/share/lammps/potentials/charmm36.cmap
-- Installing: /home/azan/.local/share/lammps/potentials/oxdna2_real.cgdna
-- Installing: /home/azan/.local/share/lammps/potentials/ffield.smtbq.Al
-- Installing: /home/azan/.local/share/lammps/potentials/ffield.reax.cho
-- Installing: /home/azan/.local/share/lammps/potentials/Cu_Zuo_JPCA2020.quadratic.snapcoeff
-- Installing: /home/azan/.local/share/lammps/potentials/WBe_Wood_PRB2019.mliap.model
-- Installing: /home/azan/.local/share/lammps/potentials/Au_u3.eam
-- Installing: /home/azan/.local/share/lammps/potentials/Ag_u3.eam
-- Installing: /home/azan/.local/share/lammps/potentials/SiO.tersoff
-- Installing: /home/azan/.local/share/lammps/potentials/MOH.nb3b.harmonic
-- Installing: /home/azan/.local/share/lammps/potentials/CdTe.sw
-- Installing: /home/azan/.local/share/lammps/potentials/Ta06A.mliap
-- Installing: /home/azan/.local/share/lammps/potentials/ffield.reax.V_O_C_H
-- Installing: /home/azan/.local/share/lammps/potentials/Al_jnp.eam
-- Installing: /home/azan/.local/share/lammps/potentials/Si_Zuo_JPCA2020.snapcoeff
-- Installing: /home/azan/.local/share/lammps/potentials/ffield.reax.FC
-- Installing: /home/azan/.local/share/lammps/potentials/MoS2.ILP
-- Installing: /home/azan/.local/share/lammps/potentials/Cu_Huan_2019_fp2.agni
-- Installing: /home/azan/.local/share/lammps/potentials/Ta4.mgpt.parmin
-- Installing: /home/azan/.local/share/lammps/potentials/Zr_mm.eam.fs
-- Installing: /home/azan/.local/share/lammps/potentials/oxrna2_real.cgdna
-- Installing: /home/azan/.local/share/lammps/potentials/ffield.reax.lg
-- Installing: /home/azan/.local/share/lammps/potentials/acks2_ff.water
-- Installing: /home/azan/.local/share/lammps/potentials/Ni_Mo.mliap.model
-- Installing: /home/azan/.local/share/lammps/potentials/Li_Zuo_JPCA2020.quadratic.snapcoeff
-- Installing: /home/azan/.local/share/lammps/potentials/CuH.bop.table
-- Installing: /home/azan/.local/share/lammps/potentials/Ni_Zuo_JPCA2020.quadratic.snap
-- Installing: /home/azan/.local/share/lammps/potentials/Si.nn.mliap.model
-- Installing: /home/azan/.local/share/lammps/potentials/Ni_smf7.eam
-- Installing: /home/azan/.local/share/lammps/potentials/SiO.1994.vashishta
-- Installing: /home/azan/.local/share/lammps/potentials/Mo_Chen_PRM2017.snap
-- Installing: /home/azan/.local/share/lammps/potentials/BN.extep
-- Installing: /home/azan/.local/share/lammps/potentials/VFe_mm.eam.fs
-- Installing: /home/azan/.local/share/lammps/potentials/MoS.rebomos
-- Installing: /home/azan/.local/share/lammps/potentials/.gitignore
-- Installing: /home/azan/.local/share/lammps/potentials/GaN.tersoff
-- Installing: /home/azan/.local/share/lammps/potentials/W.quadratic.mliap.model
-- Installing: /home/azan/.local/share/lammps/potentials/PdHHe.eam.he
-- Installing: /home/azan/.local/share/lammps/potentials/InP.vashishta
-- Installing: /home/azan/.local/share/lammps/potentials/CH_taper.KC
-- Installing: /home/azan/.local/share/lammps/potentials/Mo5.2.mgpt.README
-- Installing: /home/azan/.local/share/lammps/potentials/CuZr_mm.eam.fs
-- Installing: /home/azan/.local/share/lammps/potentials/charmm22.cmap
-- Installing: /home/azan/.local/share/lammps/potentials/ffield.reax.ZnOH
-- Installing: /home/azan/.local/share/lammps/potentials/InP_JCPA2020.mliap.model
-- Installing: /home/azan/.local/share/lammps/potentials/oxdna2_lj.cgdna
-- Installing: /home/azan/.local/share/lammps/potentials/Mo_Zuo_JPCA2020.quadratic.snap
-- Installing: /home/azan/.local/share/lammps/potentials/C_SNAP_2021.10.15.quadratic.snapparam
-- Installing: /home/azan/.local/share/lammps/potentials/Ta_param.pod
-- Installing: /home/azan/.local/share/lammps/potentials/TlBr_msw.poly
-- Installing: /home/azan/.local/share/lammps/potentials/oxdna_real.cgdna
-- Installing: /home/azan/.local/share/lammps/potentials/Cu_Zuo_JPCA2020.snapcoeff
-- Installing: /home/azan/.local/share/lammps/potentials/ffield.comb3
-- Installing: /home/azan/.local/share/lammps/potentials/TMD.ILP
-- Installing: /home/azan/.local/share/lammps/potentials/ffield.comb
-- Installing: /home/azan/.local/share/lammps/potentials/ffield.smtbq.TiO2
-- Installing: /home/azan/.local/share/lammps/potentials/tmd.sw.mod
-- Installing: /home/azan/.local/share/lammps/potentials/Si_Zuo_JPCA2020.snapparam
-- Installing: /home/azan/.local/share/lammps/potentials/SiC.gw.zbl
-- Installing: /home/azan/.local/share/lammps/potentials/TiO.meam.spline
-- Installing: /home/azan/.local/share/lammps/potentials/Al_Batra_2019.agni
-- Installing: /home/azan/.local/share/lammps/potentials/CHAu.ILP
-- Installing: /home/azan/.local/share/lammps/potentials/CH.airebo
-- Installing: /home/azan/.local/share/lammps/potentials/Mo_Zuo_JPCA2020.quadratic.snapparam
-- Installing: /home/azan/.local/share/lammps/potentials/Al_mm.eam.fs
-- Installing: /home/azan/.local/share/lammps/potentials/Ti.meam.spline
-- Installing: /home/azan/.local/share/lammps/potentials/Ta06A.mliap.model
-- Installing: /home/azan/.local/share/lammps/potentials/Zr.rann
-- Installing: /home/azan/.local/share/lammps/potentials/Zn.rann
-- Installing: /home/azan/.local/share/lammps/potentials/PSiO.nb3b.screened
-- Installing: /home/azan/.local/share/lammps/potentials/CdZnTe_v1.bop.table
-- Installing: /home/azan/.local/share/lammps/potentials/AlSiMgCuFe.meam
-- Installing: /home/azan/.local/share/lammps/potentials/CuTa.eam.alloy
-- Installing: /home/azan/.local/share/lammps/potentials/Ta06A.snapparam
-- Installing: /home/azan/.local/share/lammps/potentials/Si_Zuo_JPCA2020.quadratic.snapparam
-- Installing: /home/azan/.local/share/lammps/potentials/Cu.snap.mliap.descriptor
-- Installing: /home/azan/.local/share/lammps/potentials/Nb.uf3
-- Installing: /home/azan/.local/share/lammps/potentials/Ti.meam.sw.spline
-- Installing: /home/azan/.local/share/lammps/potentials/lib.comb3
-- Installing: /home/azan/.local/share/lammps/potentials/GaN_tersoff.poly
-- Installing: /home/azan/.local/share/lammps/potentials/Mg_mm.eam.fs
-- Installing: /home/azan/.local/share/lammps/potentials/Si.sw
-- Installing: /home/azan/.local/share/lammps/potentials/Si.tersoff.mod
-- Installing: /home/azan/.local/share/lammps/potentials/Mo_Zuo_JPCA2020.quadratic.snapcoeff
-- Installing: /home/azan/.local/share/lammps/potentials/NiAlH_jea.eam.alloy
-- Installing: /home/azan/.local/share/lammps/potentials/Cu_Zuo_JPCA2020.quadratic.snapparam
-- Installing: /home/azan/.local/share/lammps/potentials/Cu-PBE-core-rep.ace
-- Installing: /home/azan/.local/share/lammps/potentials/Ge_Zuo_JPCA2020.snapcoeff
-- Installing: /home/azan/.local/share/lammps/potentials/Ge_Zuo_JPCA2020.snapparam
-- Installing: /home/azan/.local/share/lammps/potentials/MoCoNiVFeAlCr_2nn.meam
-- Installing: /home/azan/.local/share/lammps/potentials/Ta06A.snap
-- Installing: /home/azan/.local/share/lammps/potentials/Ni_Mo.mliap.descriptor
-- Installing: /home/azan/.local/share/lammps/potentials/V6.1.mgpt.potin
-- Installing: /home/azan/.local/share/lammps/potentials/BNC_MBD_bulk.ILP
-- Installing: /home/azan/.local/share/lammps/potentials/W_zhou.eam.alloy
-- Installing: /home/azan/.local/share/lammps/potentials/AlO.eam.alloy
-- Installing: /home/azan/.local/share/lammps/potentials/Ge_Zuo_JPCA2020.snap
-- Installing: /home/azan/.local/share/lammps/potentials/CC.Lebedeva
-- Installing: /home/azan/.local/share/lammps/potentials/Ta_coeff.pod
-- Installing: /home/azan/.local/share/lammps/potentials/COH.DMC.aip.water.2dm
-- Installing: /home/azan/.local/share/lammps/potentials/Si_1.meam.spline
-- Installing: /home/azan/.local/share/lammps/potentials/Si.b.meam.sw.spline
-- Installing: /home/azan/.local/share/lammps/potentials/MgAl.rann
-- Installing: /home/azan/.local/share/lammps/potentials/Ta06A.snapcoeff
-- Installing: /home/azan/.local/share/lammps/potentials/Fe_mm.eam.fs
-- Installing: /home/azan/.local/share/lammps/potentials/library_2nn.meam
-- Installing: /home/azan/.local/share/lammps/potentials/Ta06A.nn.mliap
-- Installing: /home/azan/.local/share/lammps/potentials/GaN.sw
-- Installing: /home/azan/.local/share/lammps/potentials/Ge_Zuo_JPCA2020.quadratic.snap
-- Installing: /home/azan/.local/share/lammps/potentials/AlCu.bop.table
-- Installing: /home/azan/.local/share/lammps/potentials/Cu_u3.eam
-- Installing: /home/azan/.local/share/lammps/potentials/BNC_TS_bulk.ILP
-- Installing: /home/azan/.local/share/lammps/potentials/ffield.reax.mattsson
-- Installing: /home/azan/.local/share/lammps/potentials/V6.1.mgpt.parmin
-- Installing: /home/azan/.local/share/lammps/potentials/V6.1.mgpt.README
-- Installing: /home/azan/.local/share/lammps/potentials/ffield.reax.AuO
-- Installing: /home/azan/.local/share/lammps/potentials/Ni.meam
-- Installing: /home/azan/.local/share/lammps/potentials/Cu_zhou.eam.alloy
-- Installing: /home/azan/.local/share/lammps/potentials/C_SNAP_2021.10.15.quadratic.snapcoeff
-- Installing: /home/azan/.local/share/lammps/potentials/Li_Zuo_JPCA2020.quadratic.snapparam
-- Installing: /home/azan/.local/share/lammps/potentials/ffield.smtbq.Al2O3
-- Installing: /home/azan/.local/share/lammps/potentials/Mo_Zuo_JPCA2020.snapcoeff
-- Installing: /home/azan/.local/share/lammps/potentials/W.quadratic.mliap
-- Installing: /home/azan/.local/share/lammps/potentials/C.lcbop
-- Installing: /home/azan/.local/share/lammps/potentials/FeCH_BOP_I.poly
-- Installing: /home/azan/.local/share/lammps/potentials/NiAlH_jea.eam.fs
-- Installing: /home/azan/.local/share/lammps/potentials/Ta06A.nn.mliap.model
-- Installing: /home/azan/.local/share/lammps/potentials/ffield.reax.budzien
-- Installing: /home/azan/.local/share/lammps/potentials/Si_Zuo_JPCA2020.quadratic.snap
-- Installing: /home/azan/.local/share/lammps/potentials/CdZnTe_v2.bop.table
-- Installing: /home/azan/.local/share/lammps/potentials/Cu_u6.eam
-- Installing: /home/azan/.local/share/lammps/potentials/Ta4.mgpt.README
-- Installing: /home/azan/.local/share/lammps/potentials/Al_zhou.eam.alloy
-- Installing: /home/azan/.local/share/lammps/potentials/W_2940_2017_2.snapcoeff
-- Installing: /home/azan/.local/share/lammps/potentials/FeCr.cdeam
-- Installing: /home/azan/.local/share/lammps/potentials/CdTeZn.bop.table
-- Installing: /home/azan/.local/share/lammps/potentials/ffield.reax.rdx
-- Installing: /home/azan/.local/share/lammps/potentials/W.quadratic.mliap.descriptor
-- Installing: /home/azan/.local/share/lammps/potentials/Mo5.2.mgpt.potin
-- Installing: /home/azan/.local/share/lammps/potentials/README.reax
-- Installing: /home/azan/.local/share/lammps/potentials/Si_Zuo_JPCA2020.snap
-- Installing: /home/azan/.local/share/lammps/potentials/Li_Zuo_JPCA2020.snapcoeff
-- Installing: /home/azan/.local/share/lammps/potentials/Cu_Huan_2019_fp1.agni
-- Installing: /home/azan/.local/share/lammps/potentials/InP_JCPA2020.snapcoeff
-- Installing: /home/azan/.local/share/lammps/potentials/Mo5.2.mgpt.parmin
-- Installing: /home/azan/.local/share/lammps/potentials/CdTeSe.bop.table
-- Installing: /home/azan/.local/share/lammps/potentials/ffield.reax.AB
-- Installing: /home/azan/.local/share/lammps/potentials/CC.KC-full
-- Installing: /home/azan/.local/share/lammps/potentials/Bi.meam
-- Installing: /home/azan/.local/share/lammps/potentials/WBe_Wood_PRB2019.mliap
-- Installing: /home/azan/.local/share/lammps/potentials/ffield.reax.Fe_O_C_H
-- Installing: /home/azan/.local/share/lammps/potentials/TiZr_2.rann
-- Installing: /home/azan/.local/share/lammps/potentials/Ni_Zuo_JPCA2020.quadratic.snapcoeff
-- Installing: /home/azan/.local/share/lammps/potentials/Mo_Zuo_JPCA2020.snap
-- Installing: /home/azan/.local/share/lammps/potentials/SiC_1994.tersoff
-- Installing: /home/azan/.local/share/lammps/potentials/WBe_Wood_PRB2019.mliap.descriptor
-- Installing: /home/azan/.local/share/lammps/potentials/WBe_Wood_PRB2019.snapcoeff
-- Installing: /home/azan/.local/share/lammps/potentials/BNC.tersoff
-- Installing: /home/azan/.local/share/lammps/potentials/NiO.eam.fs
-- Installing: /home/azan/.local/share/lammps/potentials/Cu_mishin1.eam.alloy
-- Installing: /home/azan/.local/share/lammps/potentials/ci-reaxFF_ZBL.dat
-- Installing: /home/azan/.local/share/lammps/potentials/GaN_sw.poly
-- Installing: /home/azan/.local/share/lammps/potentials/FeP_mm.eam.fs
-- Installing: /home/azan/.local/share/lammps/potentials/oxdna_lj.cgdna
-- Installing: /home/azan/.local/share/lammps/potentials/Mo_Zuo_JPCA2020.snapparam
-- Installing: /home/azan/.local/share/lammps/potentials/CCu_v2.bop.table
-- Installing: /home/azan/.local/share/lammps/potentials/CdTe.bop.table
-- Installing: /home/azan/.local/share/lammps/potentials/WBe_Wood_PRB2019.snap
-- Installing: /home/azan/.local/share/lammps/potentials/SiC.tersoff.zbl
-- Installing: /home/azan/.local/share/lammps/potentials/CH.KC
-- Installing: /home/azan/.local/share/lammps/potentials/CoAl.eam.alloy
-- Installing: /home/azan/.local/share/lammps/potentials/SiC_Erhart-Albe.tersoff
-- Installing: /home/azan/.local/share/lammps/potentials/Si.tersoff.modc
-- Installing: /home/azan/.local/share/lammps/potentials/Ta6.8x.mgpt.potin
-- Installing: /home/azan/.local/share/lammps/potentials/SiC.gw
-- Installing: /home/azan/.local/share/lammps/potentials/Mo_Chen_PRM2017.snapcoeff
-- Installing: /home/azan/.local/share/lammps/potentials/Ni_Zuo_JPCA2020.snapparam
-- Installing: /home/azan/.local/share/lammps/potentials/He_He_JW2013.table
-- Installing: /home/azan/.local/share/lammps/potentials/CuNi.eam.alloy
-- Installing: /home/azan/.local/share/lammps/potentials/library.meam
-- Installing: /home/azan/.local/share/lammps/potentials/CBNOH.aip.water.2dm
-- Installing: /home/azan/.local/share/lammps/potentials/Cu_Zuo_JPCA2020.snap
-- Installing: /home/azan/.local/share/lammps/potentials/W_He_JW2013.table
-- Installing: /home/azan/.local/share/lammps/potentials/CH.airebo-m
-- Installing: /home/azan/.local/share/lammps/potentials/Cu_Zuo_JPCA2020.quadratic.snap
-- Installing: /home/azan/.local/share/lammps/potentials/Si.edip
-- Installing: /home/azan/.local/share/lammps/potentials/Ti.rann
-- Installing: /home/azan/.local/share/lammps/potentials/SiC_1990.tersoff
-- Installing: /home/azan/.local/share/lammps/potentials/NiO.ctip
-- Installing: /home/azan/.local/share/lammps/potentials/Pt_u3.eam
-- Installing: /home/azan/.local/share/lammps/potentials/CdTeZnSeHgS0.sw
-- Installing: /home/azan/.local/share/lammps/potentials/SiGeH.sw.quip
-- Installing: /home/azan/.local/share/lammps/potentials/Ta6.8x.mgpt.README
-- Installing: /home/azan/.local/share/lammps/potentials/AlCu.adp
-- Installing: /home/azan/.local/share/lammps/potentials/Li_Zuo_JPCA2020.quadratic.snap
-- Installing: /home/azan/.local/share/lammps/potentials/SiC_1989.tersoff
-- Installing: /home/azan/.local/share/lammps/potentials/AlO.streitz
-- Installing: /home/azan/.local/share/lammps/potentials/Al_prb.agni
-- Installing: /home/azan/.local/share/lammps/potentials/WL.meam
-- Installing: /home/azan/.local/share/lammps/potentials/SiC.edip
-- Installing: /home/azan/.local/share/lammps/potentials/Ge.tersoff
-- Installing: /home/azan/.local/share/lammps/potentials/SiC.meam
-- Installing: /home/azan/.local/share/lammps/potentials/AlCu.eam.alloy
-- Installing: /home/azan/.local/share/lammps/potentials/oxrna2_lj.cgdna
-- Installing: /home/azan/.local/share/lammps/potentials/Ta6.8x.mgpt.parmin
-- Installing: /home/azan/.local/share/lammps/potentials/Li_Zuo_JPCA2020.snapparam
-- Installing: /home/azan/.local/share/lammps/potentials/SiO.1997.vashishta
-- Installing: /home/azan/.local/share/lammps/potentials/InP_JCPA2020.mliap
-- Installing: /home/azan/.local/share/lammps/potentials/Ta4.mgpt.potin
-- Installing: /home/azan/.local/share/lammps/potentials/Cu.meam
-- Installing: /home/azan/.local/share/lammps/potentials/library.msmeam
-- Installing: /home/azan/.local/share/lammps/potentials/Si.nn.mliap.descriptor
-- Installing: /home/azan/.local/share/lammps/potentials/Ni_Zuo_JPCA2020.snapcoeff
-- Installing: /home/azan/.local/share/lammps/potentials/Cu_Zuo_JPCA2020.snapparam
-- Installing: /home/azan/.local/share/lammps/potentials/Ni_u3.eam
-- Installing: /home/azan/.local/share/lammps/potentials/WBe_Wood_PRB2019.snapparam
-- Installing: /home/azan/.local/share/lammps/potentials/W_2940_2017_2.snapparam
-- Installing: /home/azan/.local/share/lammps/potentials/W_2940_2017_2_He_JW2013.snap
-- Installing: /home/azan/.local/share/lammps/potentials/Cu_smf7.eam
-- Installing: /home/azan/.local/share/lammps/potentials/Pd_u3.eam
-- Installing: /home/azan/.local/share/lammps/potentials/Ni.adp
-- Installing: /home/azan/.local/share/lammps/potentials/Cu.nn.mliap.model
-- Installing: /home/azan/.local/share/lammps/potentials/Mo_Chen_PRM2017.snapparam
-- Installing: /home/azan/.local/share/lammps/potentials/Ge_Zuo_JPCA2020.quadratic.snapparam
-- Installing: /home/azan/.local/share/lammps/potentials/InP_JCPA2020.mliap.descriptor
-- Installing: /home/azan/.local/share/lammps/potentials/FeCH_BOP_II.poly
-- Installing: /home/azan/.local/share/lammps/potentials/Ni_Zuo_JPCA2020.snap
-- Installing: /home/azan/.local/share/lammps/potentials/SiO.1990.vashishta
-- Installing: /home/azan/.local/share/lammps/potentials/ffield.ci-reax.CH
-- Installing: /home/azan/.local/share/lammps/potentials/SiC.tersoff
-- Installing: /home/azan/.local/share/lammps/potentials/SiC.vashishta
-- Installing: /home/azan/.local/share/lammps/potentials/Si_2.meam.spline
-- Installing: /home/azan/.local/share/lammps/potentials/C.drip
-- Installing: /home/azan/.local/share/lammps/potentials/Si.tersoff
-- Installing: /home/azan/.local/share/lammps/potentials/CH.rebo
-- Installing: /home/azan/.local/share/lammps/potentials/InP_JCPA2020.snapparam
-- Installing: /home/azan/.local/share/lammps/potentials/HGa.msmeam
-- Installing: /home/azan/.local/share/lammps/potentials/GaAs.bop.table
-- Installing: /home/azan/.local/share/lammps/potentials/Si_Zuo_JPCA2020.quadratic.snapcoeff
-- Installing: /home/azan/.local/share/lammps/potentials/README
-- Installing: /home/azan/.local/share/lammps/potentials/Ni_Zuo_JPCA2020.quadratic.snapparam
-- Installing: /home/azan/.local/share/lammps/potentials/Li_Zuo_JPCA2020.snap
-- Installing: /home/azan/.local/share/lammps/potentials/Al_jpc.agni
-- Installing: /home/azan/.local/share/lammps/potentials/SiCGe.tersoff
-- Installing: /home/azan/.local/share/lammps/potentials/CC.KC
-- Installing: /home/azan/.local/share/lammps/potentials/AlCuH.bop.table
-- Installing: /home/azan/.local/share/lammps/potentials/Ge_Zuo_JPCA2020.quadratic.snapcoeff
-- Installing: /home/azan/.local/share/lammps/potentials/CuTa_eam.poly
-- Installing: /home/azan/.local/share/lammps/potentials/Ta06A.mliap.descriptor
-- Installing: /home/azan/.local/share/lammps/potentials/InP_JCPA2020.snap
-- Installing: /home/azan/.local/share/lammps/potentials/AlFe_mm.eam.fs
-- Installing: /home/azan/.local/share/lammps/potentials/Ta06A.pytorch.mliap
-- Installing: /home/azan/.local/share/lammps/potentials/BNCH.ILP
-- Installing: /home/azan/.local/share/lammps/potentials/BNCH-old.ILP
-- Installing: /home/azan/.local/etc/profile.d/lammps.sh
-- Installing: /home/azan/.local/etc/profile.d/lammps.csh
