/*---------------------------------------------------------------------------*\
| =========                 |                                                 |
| \\      /  F ield         | OpenFOAM: The Open Source CFD Toolbox           |
|  \\    /   O peration     | Version:  2406                                  |
|   \\  /    A nd           | Website:  www.openfoam.com                      |
|    \\/     M anipulation  |                                                 |
\*---------------------------------------------------------------------------*/
Build  : _1653fa08-20260127 OPENFOAM=2406 patch=260127 version=2406
Arch   : "LSB;label=32;scalar=64"
Exec   : setFields
Date   : Aug 14 2026
Time   : 11:57:46
Host   : Azan
PID    : 369368
I/O    : uncollated
Case   : /home/azan/research/T12_MD_wettability_closure/01_env/bench/damBreak
nProcs : 1
trapFpe: Floating point exception trapping enabled (FOAM_SIGFPE).
fileModificationChecking : Monitoring run-time modified files using timeStampMaster (fileModificationSkew 5, maxFileModificationPolls 20)
allowSystemOperations : Allowing user-supplied system call operations

// * * * * * * * * * * * * * * * * * * * * * * * * * * * * * * * * * * * * * //
Create time

Create mesh for time = 0

Reading setFieldsDict

Setting volume field default values
    - set internal values of volScalarField: alpha.water = 0

Setting field region values

    Adding cells with centre within boxes 1((0 0 -1) (0.1461 0.292 1))
    Selected 324/2268 cells
    - set internal values of volScalarField: alpha.water = 1

End

