/*---------------------------------------------------------------------------*\
| =========                 |                                                 |
| \\      /  F ield         | OpenFOAM: The Open Source CFD Toolbox           |
|  \\    /   O peration     | Version:  2406                                  |
|   \\  /    A nd           | Website:  www.openfoam.com                      |
|    \\/     M anipulation  |                                                 |
\*---------------------------------------------------------------------------*/
Build  : _1653fa08-20260127 OPENFOAM=2406 patch=260127 version=2406
Arch   : "LSB;label=32;scalar=64"
Exec   : blockMesh
Date   : Aug 14 2026
Time   : 11:58:15
Host   : Azan
PID    : 369886
I/O    : uncollated
Case   : /home/azan/research/T12_MD_wettability_closure/01_env/bench/dbFine
nProcs : 1
trapFpe: Floating point exception trapping enabled (FOAM_SIGFPE).
fileModificationChecking : Monitoring run-time modified files using timeStampMaster (fileModificationSkew 5, maxFileModificationPolls 20)
allowSystemOperations : Allowing user-supplied system call operations

// * * * * * * * * * * * * * * * * * * * * * * * * * * * * * * * * * * * * * //
Create time

Creating block mesh from "system/blockMeshDict"
Creating block edges
No non-planar block faces defined
Creating topology blocks

Creating topology patches - from boundary section

Creating block mesh topology - scaling/transform applied later
--> FOAM Warning : 
    From Foam::polyMesh::polyMesh(const Foam::IOobject&, Foam::pointField&&, const cellShapeList&, const faceListList&, const wordList&, const Foam::PtrList<Foam::dictionary>&, const Foam::word&, const Foam::word&, bool)
    in file meshes/polyMesh/polyMeshFromShapeMesh.C at line 915
    Found 10 undefined faces in mesh; adding to default patch defaultFaces

Check topology

	Basic statistics
		Number of internal faces : 4
		Number of boundary faces : 22
		Number of defined boundary faces : 22
		Number of undefined boundary faces : 0
	Checking patch -> block consistency

Creating block offsets
Creating merge list (topological search)...
Deleting polyMesh directory "constant/polyMesh"

Creating polyMesh from blockMesh
Creating patches
Creating cells
Creating points with scale (0.146 0.146 0.146)
    Block 0 cell size :
        i : 0.00317391 .. 0.00317391
        j : 0.00149997 .. 0.00149997
        k : 0.0146 .. 0.0146

    Block 1 cell size :
        i : 0.00352632 .. 0.00352632
        j : 0.00149997 .. 0.00149997
        k : 0.0146 .. 0.0146

    Block 2 cell size :
        i : 0.00317391 .. 0.00317391
        j : 0.00319048 .. 0.00319048
        k : 0.0146 .. 0.0146

    Block 3 cell size :
        i : 0.00149997 .. 0.00149997
        j : 0.00319048 .. 0.00319048
        k : 0.0146 .. 0.0146

    Block 4 cell size :
        i : 0.00352632 .. 0.00352632
        j : 0.00319048 .. 0.00319048
        k : 0.0146 .. 0.0146

No patch pairs to merge

Writing polyMesh with 0 cellZones
----------------
Mesh Information
----------------
  boundingBox: (0 0 0) (0.584 0.584 0.0146)
  nPoints: 73410
  nCells: 36288
  nFaces: 145568
  nInternalFaces: 72160
----------------
Patches
----------------
  patch 0 (start: 72160 size: 200) name: leftWall
  patch 1 (start: 72360 size: 200) name: rightWall
  patch 2 (start: 72560 size: 248) name: lowerWall
  patch 3 (start: 72808 size: 184) name: atmosphere
  patch 4 (start: 72992 size: 72576) name: defaultFaces

End

